Archive member included to satisfy reference by file (symbol)

C:/msys64/mingw64/bin/../lib/gcc/x86_64-w64-mingw32/14.2.0/../../../../lib/libmingw32.a(lib64_libmingw32_a-gccmain.o)
                              C:/msys64/mingw64/bin/../lib/gcc/x86_64-w64-mingw32/14.2.0/../../../../lib/crt2.o (__main)
C:/msys64/mingw64/bin/../lib/gcc/x86_64-w64-mingw32/14.2.0/../../../../lib/libmingw32.a(lib64_libmingw32_a-natstart.o)
                              C:/msys64/mingw64/bin/../lib/gcc/x86_64-w64-mingw32/14.2.0/../../../../lib/crt2.o (__native_startup_lock)
C:/msys64/mingw64/bin/../lib/gcc/x86_64-w64-mingw32/14.2.0/../../../../lib/libmingw32.a(lib64_libmingw32_a-wildcard.o)
                              C:/msys64/mingw64/bin/../lib/gcc/x86_64-w64-mingw32/14.2.0/../../../../lib/crt2.o (_dowildcard)
C:/msys64/mingw64/bin/../lib/gcc/x86_64-w64-mingw32/14.2.0/../../../../lib/libmingw32.a(lib64_libmingw32_a-dllargv.o)
                              C:/msys64/mingw64/bin/../lib/gcc/x86_64-w64-mingw32/14.2.0/../../../../lib/crt2.o (_setargv)
C:/msys64/mingw64/bin/../lib/gcc/x86_64-w64-mingw32/14.2.0/../../../../lib/libmingw32.a(lib64_libmingw32_a-_newmode.o)
                              C:/msys64/mingw64/bin/../lib/gcc/x86_64-w64-mingw32/14.2.0/../../../../lib/crt2.o (_newmode)
C:/msys64/mingw64/bin/../lib/gcc/x86_64-w64-mingw32/14.2.0/../../../../lib/libmingw32.a(lib64_libmingw32_a-tlssup.o)
                              C:/msys64/mingw64/bin/../lib/gcc/x86_64-w64-mingw32/14.2.0/../../../../lib/crt2.o (__mingw_initltssuo_force)
C:/msys64/mingw64/bin/../lib/gcc/x86_64-w64-mingw32/14.2.0/../../../../lib/libmingw32.a(lib64_libmingw32_a-xncommod.o)
                              C:/msys64/mingw64/bin/../lib/gcc/x86_64-w64-mingw32/14.2.0/../../../../lib/crt2.o (_commode)
C:/msys64/mingw64/bin/../lib/gcc/x86_64-w64-mingw32/14.2.0/../../../../lib/libmingw32.a(lib64_libmingw32_a-cinitexe.o)
                              C:/msys64/mingw64/bin/../lib/gcc/x86_64-w64-mingw32/14.2.0/../../../../lib/crt2.o (__xc_z)
C:/msys64/mingw64/bin/../lib/gcc/x86_64-w64-mingw32/14.2.0/../../../../lib/libmingw32.a(lib64_libmingw32_a-merr.o)
                              C:/msys64/mingw64/bin/../lib/gcc/x86_64-w64-mingw32/14.2.0/../../../../lib/crt2.o (_matherr)
C:/msys64/mingw64/bin/../lib/gcc/x86_64-w64-mingw32/14.2.0/../../../../lib/libmingw32.a(lib64_libmingw32_a-CRT_fp10.o)
                              C:/msys64/mingw64/bin/../lib/gcc/x86_64-w64-mingw32/14.2.0/../../../../lib/crt2.o (_fpreset)
C:/msys64/mingw64/bin/../lib/gcc/x86_64-w64-mingw32/14.2.0/../../../../lib/libmingw32.a(lib64_libmingw32_a-mingw_helpers.o)
                              C:/msys64/mingw64/bin/../lib/gcc/x86_64-w64-mingw32/14.2.0/../../../../lib/crt2.o (__mingw_app_type)
C:/msys64/mingw64/bin/../lib/gcc/x86_64-w64-mingw32/14.2.0/../../../../lib/libmingw32.a(lib64_libmingw32_a-pseudo-reloc.o)
                              C:/msys64/mingw64/bin/../lib/gcc/x86_64-w64-mingw32/14.2.0/../../../../lib/crt2.o (_pei386_runtime_relocator)
C:/msys64/mingw64/bin/../lib/gcc/x86_64-w64-mingw32/14.2.0/../../../../lib/libmingw32.a(lib64_libmingw32_a-usermatherr.o)
                              C:/msys64/mingw64/bin/../lib/gcc/x86_64-w64-mingw32/14.2.0/../../../../lib/crt2.o (__mingw_setusermatherr)
C:/msys64/mingw64/bin/../lib/gcc/x86_64-w64-mingw32/14.2.0/../../../../lib/libmingw32.a(lib64_libmingw32_a-xtxtmode.o)
                              C:/msys64/mingw64/bin/../lib/gcc/x86_64-w64-mingw32/14.2.0/../../../../lib/crt2.o (_fmode)
C:/msys64/mingw64/bin/../lib/gcc/x86_64-w64-mingw32/14.2.0/../../../../lib/libmingw32.a(lib64_libmingw32_a-crt_handler.o)
                              C:/msys64/mingw64/bin/../lib/gcc/x86_64-w64-mingw32/14.2.0/../../../../lib/crt2.o (_gnu_exception_handler)
C:/msys64/mingw64/bin/../lib/gcc/x86_64-w64-mingw32/14.2.0/../../../../lib/libmingw32.a(lib64_libmingw32_a-tlsthrd.o)
                              C:/msys64/mingw64/bin/../lib/gcc/x86_64-w64-mingw32/14.2.0/../../../../lib/libmingw32.a(lib64_libmingw32_a-tlssup.o) (__mingw_TLScallback)
C:/msys64/mingw64/bin/../lib/gcc/x86_64-w64-mingw32/14.2.0/../../../../lib/libmingw32.a(lib64_libmingw32_a-tlsmcrt.o)
                              C:/msys64/mingw64/bin/../lib/gcc/x86_64-w64-mingw32/14.2.0/../../../../lib/libmingw32.a(lib64_libmingw32_a-tlssup.o) (_CRT_MT)
C:/msys64/mingw64/bin/../lib/gcc/x86_64-w64-mingw32/14.2.0/../../../../lib/libmingw32.a(lib64_libmingw32_a-pseudo-reloc-list.o)
                              C:/msys64/mingw64/bin/../lib/gcc/x86_64-w64-mingw32/14.2.0/../../../../lib/libmingw32.a(lib64_libmingw32_a-pseudo-reloc.o) (__RUNTIME_PSEUDO_RELOC_LIST__)
C:/msys64/mingw64/bin/../lib/gcc/x86_64-w64-mingw32/14.2.0/../../../../lib/libmingw32.a(lib64_libmingw32_a-pesect.o)
                              C:/msys64/mingw64/bin/../lib/gcc/x86_64-w64-mingw32/14.2.0/../../../../lib/libmingw32.a(lib64_libmingw32_a-pseudo-reloc.o) (__mingw_GetSectionForAddress)
[...]
Memory Configuration

Name             Origin             Length             Attributes
*default*        0x0000000000000000 0xffffffffffffffff

Linker script and memory map

                0x0000000140000000                __image_base__ = 0x140000000
                0x0000000000000000                __dll__ = 0x0
                0x0000000140000000                __ImageBase = 0x140000000
                0x0000000000001000                __section_alignment__ = 0x1000
                0x0000000000000200                __file_alignment__ = 0x200
                0x0000000000000004                __major_os_version__ = 0x4
                0x0000000000000000                __minor_os_version__ = 0x0
                0x0000000000000000                __major_image_version__ = 0x0
                0x0000000000000000                __minor_image_version__ = 0x0
                0x0000000000000005                __major_subsystem_version__ = 0x5
                0x0000000000000002                __minor_subsystem_version__ = 0x2
                0x0000000000000003                __subsystem__ = 0x3
                0x0000000000200000                __size_of_stack_reserve__ = 0x200000
                0x0000000000001000                __size_of_stack_commit__ = 0x1000
                0x0000000000100000                __size_of_heap_reserve__ = 0x100000
                0x0000000000001000                __size_of_heap_commit__ = 0x1000
                0x0000000000000000                __loader_flags__ = 0x0
                0x0000000000000160                __dll_characteristics__ = 0x160
LOAD C:/msys64/mingw64/bin/../lib/gcc/x86_64-w64-mingw32/14.2.0/../../../../lib/crt2.o
LOAD C:/msys64/mingw64/bin/../lib/gcc/x86_64-w64-mingw32/14.2.0/crtbegin.o
LOAD C:\Users\humih\AppData\Local\Temp\cc0a6PEu.o
LOAD C:/msys64/mingw64/bin/../lib/gcc/x86_64-w64-mingw32/14.2.0/../../../../lib/libmingw32.a
LOAD C:/msys64/mingw64/bin/../lib/gcc/x86_64-w64-mingw32/14.2.0/libgcc.a
LOAD C:/msys64/mingw64/bin/../lib/gcc/x86_64-w64-mingw32/14.2.0/libgcc_eh.a
LOAD C:/msys64/mingw64/bin/../lib/gcc/x86_64-w64-mingw32/14.2.0/../../../../lib/libmingwex.a
LOAD C:/msys64/mingw64/bin/../lib/gcc/x86_64-w64-mingw32/14.2.0/../../../../lib/libmsvcrt.a
LOAD C:/msys64/mingw64/bin/../lib/gcc/x86_64-w64-mingw32/14.2.0/../../../../lib/libkernel32.a
LOAD C:/msys64/mingw64/bin/../lib/gcc/x86_64-w64-mingw32/14.2.0/../../../../lib/libpthread.dll.a
LOAD C:/msys64/mingw64/bin/../lib/gcc/x86_64-w64-mingw32/14.2.0/../../../../lib/libadvapi32.a
LOAD C:/msys64/mingw64/bin/../lib/gcc/x86_64-w64-mingw32/14.2.0/../../../../lib/libshell32.a
LOAD C:/msys64/mingw64/bin/../lib/gcc/x86_64-w64-mingw32/14.2.0/../../../../lib/libuser32.a
LOAD C:/msys64/mingw64/bin/../lib/gcc/x86_64-w64-mingw32/14.2.0/../../../../lib/libkernel32.a
LOAD C:/msys64/mingw64/bin/../lib/gcc/x86_64-w64-mingw32/14.2.0/../../../../lib/libmingw32.a
LOAD C:/msys64/mingw64/bin/../lib/gcc/x86_64-w64-mingw32/14.2.0/libgcc.a
LOAD C:/msys64/mingw64/bin/../lib/gcc/x86_64-w64-mingw32/14.2.0/libgcc_eh.a
LOAD C:/msys64/mingw64/bin/../lib/gcc/x86_64-w64-mingw32/14.2.0/../../../../lib/libmingwex.a
LOAD C:/msys64/mingw64/bin/../lib/gcc/x86_64-w64-mingw32/14.2.0/../../../../lib/libmsvcrt.a
LOAD C:/msys64/mingw64/bin/../lib/gcc/x86_64-w64-mingw32/14.2.0/../../../../lib/libkernel32.a
LOAD C:/msys64/mingw64/bin/../lib/gcc/x86_64-w64-mingw32/14.2.0/../../../../lib/default-manifest.o
LOAD C:/msys64/mingw64/bin/../lib/gcc/x86_64-w64-mingw32/14.2.0/crtend.o
                0x0000000000000480                . = SIZEOF_HEADERS
                0x0000000000001000                . = ALIGN (__section_alignment__)

.text           0x0000000140001000     0x7600
 *(SORT_NONE(.init))
 *(.text)
 .text          0x0000000140001000      0x440 C:/msys64/mingw64/bin/../lib/gcc/x86_64-w64-mingw32/14.2.0/../../../../lib/crt2.o
                0x00000001400013f0                WinMainCRTStartup
                0x0000000140001410                mainCRTStartup
                0x0000000140001430                atexit
 .text          0x0000000140001440       0x20 C:/msys64/mingw64/bin/../lib/gcc/x86_64-w64-mingw32/14.2.0/crtbegin.o
                0x0000000140001440                __gcc_register_frame
                0x0000000140001450                __gcc_deregister_frame
 .text          0x0000000140001460      0x160 C:\Users\humih\AppData\Local\Temp\cc0a6PEu.o
                0x0000000140001460                func
                0x00000001400014ad                main
 .text          0x00000001400015c0       0xf0 C:/msys64/mingw64/bin/../lib/gcc/x86_64-w64-mingw32/14.2.0/../../../../lib/libmingw32.a(lib64_libmingw32_a-gccmain.o)
                0x00000001400015c0                __do_global_dtors
                0x0000000140001610                __do_global_ctors
                0x0000000140001690                __main
 .text          0x00000001400016b0        0x0 C:/msys64/mingw64/bin/../lib/gcc/x86_64-w64-mingw32/14.2.0/../../../../lib/libmingw32.a(lib64_libmingw32_a-natstart.o)
 .text          0x00000001400016b0        0x0 C:/msys64/mingw64/bin/../lib/gcc/x86_64-w64-mingw32/14.2.0/../../../../lib/libmingw32.a(lib64_libmingw32_a-wildcard.o)
 .text          0x00000001400016b0       0x10 C:/msys64/mingw64/bin/../lib/gcc/x86_64-w64-mingw32/14.2.0/../../../../lib/libmingw32.a(lib64_libmingw32_a-dllargv.o)
                0x00000001400016b0                _setargv
 .text          0x00000001400016c0        0x0 C:/msys64/mingw64/bin/../lib/gcc/x86_64-w64-mingw32/14.2.0/../../../../lib/libmingw32.a(lib64_libmingw32_a-_newmode.o)
 .text          0x00000001400016c0       0xb0 C:/msys64/mingw64/bin/../lib/gcc/x86_64-w64-mingw32/14.2.0/../../../../lib/libmingw32.a(lib64_libmingw32_a-tlssup.o)
                0x00000001400016c0                __dyn_tls_dtor
                0x00000001400016e0                __dyn_tls_init
                0x0000000140001760                __tlregdtor
 .text          0x0000000140001770        0x0 C:/msys64/mingw64/bin/../lib/gcc/x86_64-w64-mingw32/14.2.0/../../../../lib/libmingw32.a(lib64_libmingw32_a-xncommod.o)
 .text          0x0000000140001770        0x0 C:/msys64/mingw64/bin/../lib/gcc/x86_64-w64-mingw32/14.2.0/../../../../lib/libmingw32.a(lib64_libmingw32_a-cinitexe.o)
 .text          0x0000000140001770      0x100 C:/msys64/mingw64/bin/../lib/gcc/x86_64-w64-mingw32/14.2.0/../../../../lib/libmingw32.a(lib64_libmingw32_a-merr.o)
                0x0000000140001770                _matherr
 .text          0x0000000140001870       0x10 C:/msys64/mingw64/bin/../lib/gcc/x86_64-w64-mingw32/14.2.0/../../../../lib/libmingw32.a(lib64_libmingw32_a-CRT_fp10.o)
                0x0000000140001870                fpreset
                0x0000000140001870                _fpreset
 .text          0x0000000140001880        0x0 C:/msys64/mingw64/bin/../lib/gcc/x86_64-w64-mingw32/14.2.0/../../../../lib/libmingw32.a(lib64_libmingw32_a-mingw_helpers.o)
 .text          0x0000000140001880      0x550 C:/msys64/mingw64/bin/../lib/gcc/x86_64-w64-mingw32/14.2.0/../../../../lib/libmingw32.a(lib64_libmingw32_a-pseudo-reloc.o)
                0x0000000140001a60                _pei386_runtime_relocator
 .text          0x0000000140001dd0       0x50 C:/msys64/mingw64/bin/../lib/gcc/x86_64-w64-mingw32/14.2.0/../../../../lib/libmingw32.a(lib64_libmingw32_a-usermatherr.o)
                0x0000000140001dd0                __mingw_raise_matherr
                0x0000000140001e10                __mingw_setusermatherr
 .text          0x0000000140001e20        0x0 C:/msys64/mingw64/bin/../lib/gcc/x86_64-w64-mingw32/14.2.0/../../../../lib/libmingw32.a(lib64_libmingw32_a-xtxtmode.o)
 .text          0x0000000140001e20      0x1c0 C:/msys64/mingw64/bin/../lib/gcc/x86_64-w64-mingw32/14.2.0/../../../../lib/libmingw32.a(lib64_libmingw32_a-crt_handler.o)
                0x0000000140001e20                _gnu_exception_handler
 .text          0x0000000140001fe0      0x2a0 C:/msys64/mingw64/bin/../lib/gcc/x86_64-w64-mingw32/14.2.0/../../../../lib/libmingw32.a(lib64_libmingw32_a-tlsthrd.o)
                0x0000000140002060                ___w64_mingwthr_add_key_dtor
                0x00000001400020d0                ___w64_mingwthr_remove_key_dtor
                0x0000000140002170                __mingw_TLScallback
 .text          0x0000000140002280        0x0 C:/msys64/mingw64/bin/../lib/gcc/x86_64-w64-mingw32/14.2.0/../../../../lib/libmingw32.a(lib64_libmingw32_a-tlsmcrt.o)
 .text          0x0000000140002280        0x0 C:/msys64/mingw64/bin/../lib/gcc/x86_64-w64-mingw32/14.2.0/../../../../lib/libmingw32.a(lib64_libmingw32_a-pseudo-reloc-list.o)
 .text          0x0000000140002280      0x400 C:/msys64/mingw64/bin/../lib/gcc/x86_64-w64-mingw32/14.2.0/../../../../lib/libmingw32.a(lib64_libmingw32_a-pesect.o)
                0x0000000140002280                _ValidateImageBase
                0x00000001400022b0                _FindPESection
                0x0000000140002300                _FindPESectionByName
                0x00000001400023a0                __mingw_GetSectionForAddress
                0x0000000140002420                __mingw_GetSectionCount
                0x0000000140002460                _FindPESectionExec
                0x00000001400024e0                _GetPEImageBase
                0x0000000140002520                _IsNonwritableInCurrentImage
                0x00000001400025b0                __mingw_enum_import_library_names
 .text          0x0000000140002680       0x40 C:/msys64/mingw64/bin/../lib/gcc/x86_64-w64-mingw32/14.2.0/libgcc.a(_chkstk_ms.o)
                0x0000000140002680                ___chkstk_ms
 .text          0x00000001400026c0        0x0 C:/msys64/mingw64/bin/../lib/gcc/x86_64-w64-mingw32/14.2.0/libgcc.a(_ctors.o)
 .text          0x00000001400026c0        0x0 C:/msys64/mingw64/bin/../lib/gcc/x86_64-w64-mingw32/14.2.0/../../../../lib/libmingwex.a(lib64_libmingwex_a-mingw_matherr.o)
 .text          0x00000001400026c0       0x80 C:/msys64/mingw64/bin/../lib/gcc/x86_64-w64-mingw32/14.2.0/../../../../lib/libmingwex.a(lib64_libmingwex_a-mingw_printf.o)
                0x00000001400026c0                __mingw_printf
 .text          0x0000000140002740     0x28c0 C:/msys64/mingw64/bin/../lib/gcc/x86_64-w64-mingw32/14.2.0/../../../../lib/libmingwex.a(lib64_libmingwex_a-mingw_pformat.o)
                0x0000000140004480                __mingw_pformat
 .text          0x0000000140005000      0x300 C:/msys64/mingw64/bin/../lib/gcc/x86_64-w64-mingw32/14.2.0/../../../../lib/libmingwex.a(lib64_libmingwex_a-dmisc.o)
                0x0000000140005000                __rv_alloc_D2A
                0x0000000140005040                __nrv_alloc_D2A
                0x00000001400050d0                __freedtoa
                0x0000000140005100                __quorem_D2A
 .text          0x0000000140005300     0x1a00 C:/msys64/mingw64/bin/../lib/gcc/x86_64-w64-mingw32/14.2.0/../../../../lib/libmingwex.a(lib64_libmingwex_a-gdtoa.o)
                0x0000000140005300                __gdtoa
 .text          0x0000000140006d00      0x180 C:/msys64/mingw64/bin/../lib/gcc/x86_64-w64-mingw32/14.2.0/../../../../lib/libmingwex.a(lib64_libmingwex_a-gmisc.o)
                0x0000000140006d00                __rshift_D2A
                0x0000000140006e20                __trailz_D2A
 .text          0x0000000140006e80      0xdc0 C:/msys64/mingw64/bin/../lib/gcc/x86_64-w64-mingw32/14.2.0/../../../../lib/libmingwex.a(lib64_libmingwex_a-misc.o)
                0x0000000140006fb0                __Balloc_D2A
                0x00000001400070a0                __Bfree_D2A
                0x0000000140007110                __multadd_D2A
                0x00000001400071e0                __i2b_D2A
                0x00000001400072a0                __mult_D2A
                0x00000001400073f0                __pow5mult_D2A
                0x0000000140007590                __lshift_D2A
                0x00000001400076c0                __cmp_D2A
                0x0000000140007720                __diff_D2A
                0x0000000140007900                __b2d_D2A
                0x0000000140007a10                __d2b_D2A
                0x0000000140007c00                __strcp_D2A
 .text          0x0000000140007c40       0x40 C:/msys64/mingw64/bin/../lib/gcc/x86_64-w64-mingw32/14.2.0/../../../../lib/libmsvcrt.a(lib64_libmsvcrt_extra_a-wcsnlen.o)
                0x0000000140007c40                wcsnlen
 .text          0x0000000140007c80      0x1d0 C:/msys64/mingw64/bin/../lib/gcc/x86_64-w64-mingw32/14.2.0/../../../../lib/libmsvcrt.a(lib64_libmsvcrt_extra_a-wcrtomb.o)
                0x0000000140007d10                wcrtomb
                0x0000000140007d50                wcsrtombs
 *fill*         0x0000000140007e50       0x10 
 .text          0x0000000140007e60       0x40 C:/msys64/mingw64/bin/../lib/gcc/x86_64-w64-mingw32/14.2.0/../../../../lib/libmsvcrt.a(lib64_libmsvcrt_extra_a-strnlen.o)
                0x0000000140007e60                strnlen
 .text          0x0000000140007ea0      0x330 C:/msys64/mingw64/bin/../lib/gcc/x86_64-w64-mingw32/14.2.0/../../../../lib/libmsvcrt.a(lib64_libmsvcrt_extra_a-mbrtowc.o)
                0x0000000140007ff0                mbrtowc
                0x0000000140008060                mbsrtowcs
                0x0000000140008170                mbrlen
 .text          0x00000001400081d0       0x40 C:/msys64/mingw64/bin/../lib/gcc/x86_64-w64-mingw32/14.2.0/../../../../lib/libmsvcrt.a(lib64_libmsvcrt_extra_a-_initterm_e.o)
                0x00000001400081d0                _initterm_e
 .text          0x0000000140008210       0x10 C:/msys64/mingw64/bin/../lib/gcc/x86_64-w64-mingw32/14.2.0/../../../../lib/libmsvcrt.a(lib64_libmsvcrt_extra_a-__p__fmode.o)
                0x0000000140008210                __p__fmode
 .text          0x0000000140008220       0x10 C:/msys64/mingw64/bin/../lib/gcc/x86_64-w64-mingw32/14.2.0/../../../../lib/libmsvcrt.a(lib64_libmsvcrt_extra_a-__p__commode.o)
                0x0000000140008220                __p__commode
 .text          0x0000000140008230       0x10 C:/msys64/mingw64/bin/../lib/gcc/x86_64-w64-mingw32/14.2.0/../../../../lib/libmsvcrt.a(lib64_libmsvcrt_extra_a-__p___initenv.o)
                0x0000000140008230                __p___initenv
 .text          0x0000000140008240       0xd0 C:/msys64/mingw64/bin/../lib/gcc/x86_64-w64-mingw32/14.2.0/../../../../lib/libmsvcrt.a(lib64_libmsvcrt_extra_a-mingw_lock.o)
                0x0000000140008240                _lock_file
                0x00000001400082b0                _unlock_file
 .text          0x0000000140008310       0x20 C:/msys64/mingw64/bin/../lib/gcc/x86_64-w64-mingw32/14.2.0/../../../../lib/libmsvcrt.a(lib64_libmsvcrt_extra_a-invalid_parameter_handler.o)
                0x0000000140008310                _get_invalid_parameter_handler
                0x0000000140008320                _set_invalid_parameter_handler
 .text          0x0000000140008330       0x20 C:/msys64/mingw64/bin/../lib/gcc/x86_64-w64-mingw32/14.2.0/../../../../lib/libmsvcrt.a(lib64_libmsvcrt_common_a-acrt_iob_func.o)
                0x0000000140008330                __acrt_iob_func
 .text          0x0000000140008350        0x8 C:/msys64/mingw64/bin/../lib/gcc/x86_64-w64-mingw32/14.2.0/../../../../lib/libmsvcrt.a(libmsvcrt_defs00089.o)
                0x0000000140008350                __C_specific_handler
 .text          0x0000000140008358        0x8 C:/msys64/mingw64/bin/../lib/gcc/x86_64-w64-mingw32/14.2.0/../../../../lib/libmsvcrt.a(libmsvcrt_defs00109.o)
                0x0000000140008358                ___lc_codepage_func
 .text          0x0000000140008360        0x8 C:/msys64/mingw64/bin/../lib/gcc/x86_64-w64-mingw32/14.2.0/../../../../lib/libmsvcrt.a(libmsvcrt_defs00112.o)
                0x0000000140008360                ___mb_cur_max_func
 .text          0x0000000140008368        0x8 C:/msys64/mingw64/bin/../lib/gcc/x86_64-w64-mingw32/14.2.0/../../../../lib/libmsvcrt.a(libmsvcrt_defs00127.o)
                0x0000000140008368                __getmainargs
 .text          0x0000000140008370        0x0 C:/msys64/mingw64/bin/../lib/gcc/x86_64-w64-mingw32/14.2.0/../../../../lib/libmsvcrt.a(libmsvcrt_defs00128.o)
 .text          0x0000000140008370        0x8 C:/msys64/mingw64/bin/../lib/gcc/x86_64-w64-mingw32/14.2.0/../../../../lib/libmsvcrt.a(libmsvcrt_defs00130.o)
                0x0000000140008370                __iob_func
 .text          0x0000000140008378        0x8 C:/msys64/mingw64/bin/../lib/gcc/x86_64-w64-mingw32/14.2.0/../../../../lib/libmsvcrt.a(libmsvcrt_defs00146.o)
                0x0000000140008378                __set_app_type
 .text          0x0000000140008380        0x8 C:/msys64/mingw64/bin/../lib/gcc/x86_64-w64-mingw32/14.2.0/../../../../lib/libmsvcrt.a(libmsvcrt_defs00148.o)
                0x0000000140008380                __setusermatherr
 .text          0x0000000140008388        0x8 C:/msys64/mingw64/bin/../lib/gcc/x86_64-w64-mingw32/14.2.0/../../../../lib/libmsvcrt.a(libmsvcrt_defs00181.o)
                0x0000000140008388                _amsg_exit
 .text          0x0000000140008390        0x8 C:/msys64/mingw64/bin/../lib/gcc/x86_64-w64-mingw32/14.2.0/../../../../lib/libmsvcrt.a(libmsvcrt_defs00202.o)
                0x0000000140008390                _cexit
 .text          0x0000000140008398        0x0 C:/msys64/mingw64/bin/../lib/gcc/x86_64-w64-mingw32/14.2.0/../../../../lib/libmsvcrt.a(libmsvcrt_defs00221.o)
 .text          0x0000000140008398        0x8 C:/msys64/mingw64/bin/../lib/gcc/x86_64-w64-mingw32/14.2.0/../../../../lib/libmsvcrt.a(libmsvcrt_defs00270.o)
                0x0000000140008398                _errno
 .text          0x00000001400083a0        0x0 C:/msys64/mingw64/bin/../lib/gcc/x86_64-w64-mingw32/14.2.0/../../../../lib/libmsvcrt.a(libmsvcrt_defs00322.o)
 .text          0x00000001400083a0        0x8 C:/msys64/mingw64/bin/../lib/gcc/x86_64-w64-mingw32/14.2.0/../../../../lib/libmsvcrt.a(libmsvcrt_defs00413.o)
                0x00000001400083a0                _initterm
 .text          0x00000001400083a8        0x8 C:/msys64/mingw64/bin/../lib/gcc/x86_64-w64-mingw32/14.2.0/../../../../lib/libmsvcrt.a(libmsvcrt_defs00523.o)
                0x00000001400083a8                _lock
 .text          0x00000001400083b0        0x8 C:/msys64/mingw64/bin/../lib/gcc/x86_64-w64-mingw32/14.2.0/../../../../lib/libmsvcrt.a(libmsvcrt_defs00919.o)
                0x00000001400083b0                _unlock
 .text          0x00000001400083b8        0x8 C:/msys64/mingw64/bin/../lib/gcc/x86_64-w64-mingw32/14.2.0/../../../../lib/libmsvcrt.a(libmsvcrt_defs01143.o)
                0x00000001400083b8                abort
 .text          0x00000001400083c0        0x8 C:/msys64/mingw64/bin/../lib/gcc/x86_64-w64-mingw32/14.2.0/../../../../lib/libmsvcrt.a(libmsvcrt_defs01155.o)
                0x00000001400083c0                _crt_atexit
 .text          0x00000001400083c8        0x8 C:/msys64/mingw64/bin/../lib/gcc/x86_64-w64-mingw32/14.2.0/../../../../lib/libmsvcrt.a(libmsvcrt_defs01163.o)
                0x00000001400083c8                calloc
 .text          0x00000001400083d0        0x8 C:/msys64/mingw64/bin/../lib/gcc/x86_64-w64-mingw32/14.2.0/../../../../lib/libmsvcrt.a(libmsvcrt_defs01178.o)
                0x00000001400083d0                exit
 .text          0x00000001400083d8        0x8 C:/msys64/mingw64/bin/../lib/gcc/x86_64-w64-mingw32/14.2.0/../../../../lib/libmsvcrt.a(libmsvcrt_defs01199.o)
                0x00000001400083d8                fprintf
 .text          0x00000001400083e0        0x8 C:/msys64/mingw64/bin/../lib/gcc/x86_64-w64-mingw32/14.2.0/../../../../lib/libmsvcrt.a(libmsvcrt_defs01201.o)
                0x00000001400083e0                fputc
 .text          0x00000001400083e8        0x8 C:/msys64/mingw64/bin/../lib/gcc/x86_64-w64-mingw32/14.2.0/../../../../lib/libmsvcrt.a(libmsvcrt_defs01206.o)
                0x00000001400083e8                free
 .text          0x00000001400083f0        0x8 C:/msys64/mingw64/bin/../lib/gcc/x86_64-w64-mingw32/14.2.0/../../../../lib/libmsvcrt.a(libmsvcrt_defs01220.o)
                0x00000001400083f0                fwrite
 .text          0x00000001400083f8        0x8 C:/msys64/mingw64/bin/../lib/gcc/x86_64-w64-mingw32/14.2.0/../../../../lib/libmsvcrt.a(libmsvcrt_defs01260.o)
                0x00000001400083f8                localeconv
 .text          0x0000000140008400        0x8 C:/msys64/mingw64/bin/../lib/gcc/x86_64-w64-mingw32/14.2.0/../../../../lib/libmsvcrt.a(libmsvcrt_defs01268.o)
                0x0000000140008400                malloc
 .text          0x0000000140008408        0x8 C:/msys64/mingw64/bin/../lib/gcc/x86_64-w64-mingw32/14.2.0/../../../../lib/libmsvcrt.a(libmsvcrt_defs01277.o)
                0x0000000140008408                memcpy
 .text          0x0000000140008410        0x8 C:/msys64/mingw64/bin/../lib/gcc/x86_64-w64-mingw32/14.2.0/../../../../lib/libmsvcrt.a(libmsvcrt_defs01279.o)
                0x0000000140008410                memset
 .text          0x0000000140008418        0x8 C:/msys64/mingw64/bin/../lib/gcc/x86_64-w64-mingw32/14.2.0/../../../../lib/libmsvcrt.a(libmsvcrt_defs01309.o)
                0x0000000140008418                signal
 .text          0x0000000140008420        0x8 C:/msys64/mingw64/bin/../lib/gcc/x86_64-w64-mingw32/14.2.0/../../../../lib/libmsvcrt.a(libmsvcrt_defs01330.o)
                0x0000000140008420                strerror
 .text          0x0000000140008428        0x8 C:/msys64/mingw64/bin/../lib/gcc/x86_64-w64-mingw32/14.2.0/../../../../lib/libmsvcrt.a(libmsvcrt_defs01332.o)
                0x0000000140008428                strlen
 .text          0x0000000140008430        0x8 C:/msys64/mingw64/bin/../lib/gcc/x86_64-w64-mingw32/14.2.0/../../../../lib/libmsvcrt.a(libmsvcrt_defs01335.o)
                0x0000000140008430                strncmp
 .text          0x0000000140008438        0x8 C:/msys64/mingw64/bin/../lib/gcc/x86_64-w64-mingw32/14.2.0/../../../../lib/libmsvcrt.a(libmsvcrt_defs01367.o)
                0x0000000140008438                vfprintf
 .text          0x0000000140008440        0x8 C:/msys64/mingw64/bin/../lib/gcc/x86_64-w64-mingw32/14.2.0/../../../../lib/libmsvcrt.a(libmsvcrt_defs01393.o)
                0x0000000140008440                wcslen
 *fill*         0x0000000140008448        0x8 
 .text          0x0000000140008450        0x0 C:/msys64/mingw64/bin/../lib/gcc/x86_64-w64-mingw32/14.2.0/../../../../lib/libmsvcrt.a(libmsvcrt_defh.o)
 .text          0x0000000140008450        0x0 C:/msys64/mingw64/bin/../lib/gcc/x86_64-w64-mingw32/14.2.0/../../../../lib/libmsvcrt.a(libmsvcrt_deft.o)
 .text          0x0000000140008450        0x8 C:/msys64/mingw64/bin/../lib/gcc/x86_64-w64-mingw32/14.2.0/../../../../lib/libkernel32.a(libkernel32s01588.o)
                0x0000000140008450                WideCharToMultiByte
 .text          0x0000000140008458        0x8 C:/msys64/mingw64/bin/../lib/gcc/x86_64-w64-mingw32/14.2.0/../../../../lib/libkernel32.a(libkernel32s01535.o)
                0x0000000140008458                VirtualQuery
 .text          0x0000000140008460        0x8 C:/msys64/mingw64/bin/../lib/gcc/x86_64-w64-mingw32/14.2.0/../../../../lib/libkernel32.a(libkernel32s01533.o)
                0x0000000140008460                VirtualProtect
 .text          0x0000000140008468        0x8 C:/msys64/mingw64/bin/../lib/gcc/x86_64-w64-mingw32/14.2.0/../../../../lib/libkernel32.a(libkernel32s01485.o)
                0x0000000140008468                TlsGetValue
 .text          0x0000000140008470        0x8 C:/msys64/mingw64/bin/../lib/gcc/x86_64-w64-mingw32/14.2.0/../../../../lib/libkernel32.a(libkernel32s01449.o)
                0x0000000140008470                Sleep
 .text          0x0000000140008478        0x8 C:/msys64/mingw64/bin/../lib/gcc/x86_64-w64-mingw32/14.2.0/../../../../lib/libkernel32.a(libkernel32s01433.o)
                0x0000000140008478                SetUnhandledExceptionFilter
 .text          0x0000000140008480        0x8 C:/msys64/mingw64/bin/../lib/gcc/x86_64-w64-mingw32/14.2.0/../../../../lib/libkernel32.a(libkernel32s01064.o)
                0x0000000140008480                MultiByteToWideChar
 .text          0x0000000140008488        0x8 C:/msys64/mingw64/bin/../lib/gcc/x86_64-w64-mingw32/14.2.0/../../../../lib/libkernel32.a(libkernel32s01012.o)
                0x0000000140008488                LeaveCriticalSection
 .text          0x0000000140008490        0x8 C:/msys64/mingw64/bin/../lib/gcc/x86_64-w64-mingw32/14.2.0/../../../../lib/libkernel32.a(libkernel32s00945.o)
                0x0000000140008490                IsDBCSLeadByteEx
 .text          0x0000000140008498        0x8 C:/msys64/mingw64/bin/../lib/gcc/x86_64-w64-mingw32/14.2.0/../../../../lib/libkernel32.a(libkernel32s00918.o)
                0x0000000140008498                InitializeCriticalSection
 .text          0x00000001400084a0        0x8 C:/msys64/mingw64/bin/../lib/gcc/x86_64-w64-mingw32/14.2.0/../../../../lib/libkernel32.a(libkernel32s00648.o)
                0x00000001400084a0                GetLastError
 .text          0x00000001400084a8        0x8 C:/msys64/mingw64/bin/../lib/gcc/x86_64-w64-mingw32/14.2.0/../../../../lib/libkernel32.a(libkernel32s00333.o)
                0x00000001400084a8                EnterCriticalSection
 .text          0x00000001400084b0        0x8 C:/msys64/mingw64/bin/../lib/gcc/x86_64-w64-mingw32/14.2.0/../../../../lib/libkernel32.a(libkernel32s00295.o)
                0x00000001400084b0                DeleteCriticalSection
 *fill*         0x00000001400084b8        0x8 
 .text          0x00000001400084c0        0x0 C:/msys64/mingw64/bin/../lib/gcc/x86_64-w64-mingw32/14.2.0/../../../../lib/libkernel32.a(libkernel32h.o)
 .text          0x00000001400084c0        0x0 C:/msys64/mingw64/bin/../lib/gcc/x86_64-w64-mingw32/14.2.0/../../../../lib/libkernel32.a(libkernel32t.o)
 .text          0x00000001400084c0        0x0 C:/msys64/mingw64/bin/../lib/gcc/x86_64-w64-mingw32/14.2.0/crtend.o
 *(SORT_BY_NAME(.text$*))
 *(.text.*)
 .text.startup  0x00000001400084c0       0x10 C:/msys64/mingw64/bin/../lib/gcc/x86_64-w64-mingw32/14.2.0/crtend.o
 *(.gnu.linkonce.t.*)
 *(.glue_7t)
 *(.glue_7)
                0x00000001400084d0                . = ALIGN (0x8)
 *(SORT_NONE(.fini))
 *(.gcc_exc)
                [!provide]                        PROVIDE (etext = .)
 *(.gcc_except_table)

.data           0x0000000140009000      0x200
                0x0000000140009000                __data_start__ = .
 *(.data)
 .data          0x0000000140009000        0x0 C:/msys64/mingw64/bin/../lib/gcc/x86_64-w64-mingw32/14.2.0/../../../../lib/crt2.o
 .data          0x0000000140009000        0x0 C:/msys64/mingw64/bin/../lib/gcc/x86_64-w64-mingw32/14.2.0/crtbegin.o
 .data          0x0000000140009000       0x10 C:\Users\humih\AppData\Local\Temp\cc0a6PEu.o
                0x0000000140009000                globalVal
 .data          0x0000000140009010       0x10 C:/msys64/mingw64/bin/../lib/gcc/x86_64-w64-mingw32/14.2.0/../../../../lib/libmingw32.a(lib64_libmingw32_a-gccmain.o)
 .data          0x0000000140009020       0x10 C:/msys64/mingw64/bin/../lib/gcc/x86_64-w64-mingw32/14.2.0/../../../../lib/libmingw32.a(lib64_libmingw32_a-natstart.o)
                0x0000000140009020                __native_vcclrit_reason
                0x0000000140009024                __native_dllmain_reason
 .data          0x0000000140009030        0x0 C:/msys64/mingw64/bin/../lib/gcc/x86_64-w64-mingw32/14.2.0/../../../../lib/libmingw32.a(lib64_libmingw32_a-wildcard.o)
 .data          0x0000000140009030        0x0 C:/msys64/mingw64/bin/../lib/gcc/x86_64-w64-mingw32/14.2.0/../../../../lib/libmingw32.a(lib64_libmingw32_a-dllargv.o)
 .data          0x0000000140009030        0x0 C:/msys64/mingw64/bin/../lib/gcc/x86_64-w64-mingw32/14.2.0/../../../../lib/libmingw32.a(lib64_libmingw32_a-_newmode.o)
 .data          0x0000000140009030        0x0 C:/msys64/mingw64/bin/../lib/gcc/x86_64-w64-mingw32/14.2.0/../../../../lib/libmingw32.a(lib64_libmingw32_a-tlssup.o)
 .data          0x0000000140009030        0x0 C:/msys64/mingw64/bin/../lib/gcc/x86_64-w64-mingw32/14.2.0/../../../../lib/libmingw32.a(lib64_libmingw32_a-xncommod.o)
 .data          0x0000000140009030        0x0 C:/msys64/mingw64/bin/../lib/gcc/x86_64-w64-mingw32/14.2.0/../../../../lib/libmingw32.a(lib64_libmingw32_a-cinitexe.o)
 .data          0x0000000140009030        0x0 C:/msys64/mingw64/bin/../lib/gcc/x86_64-w64-mingw32/14.2.0/../../../../lib/libmingw32.a(lib64_libmingw32_a-merr.o)
 .data          0x0000000140009030        0x0 C:/msys64/mingw64/bin/../lib/gcc/x86_64-w64-mingw32/14.2.0/../../../../lib/libmingw32.a(lib64_libmingw32_a-CRT_fp10.o)
 .data          0x0000000140009030        0x0 C:/msys64/mingw64/bin/../lib/gcc/x86_64-w64-mingw32/14.2.0/../../../../lib/libmingw32.a(lib64_libmingw32_a-mingw_helpers.o)
 .data          0x0000000140009030        0x0 C:/msys64/mingw64/bin/../lib/gcc/x86_64-w64-mingw32/14.2.0/../../../../lib/libmingw32.a(lib64_libmingw32_a-pseudo-reloc.o)
 .data          0x0000000140009030        0x0 C:/msys64/mingw64/bin/../lib/gcc/x86_64-w64-mingw32/14.2.0/../../../../lib/libmingw32.a(lib64_libmingw32_a-usermatherr.o)
 .data          0x0000000140009030        0x0 C:/msys64/mingw64/bin/../lib/gcc/x86_64-w64-mingw32/14.2.0/../../../../lib/libmingw32.a(lib64_libmingw32_a-xtxtmode.o)
 .data          0x0000000140009030        0x0 C:/msys64/mingw64/bin/../lib/gcc/x86_64-w64-mingw32/14.2.0/../../../../lib/libmingw32.a(lib64_libmingw32_a-crt_handler.o)
 .data          0x0000000140009030        0x0 C:/msys64/mingw64/bin/../lib/gcc/x86_64-w64-mingw32/14.2.0/../../../../lib/libmingw32.a(lib64_libmingw32_a-tlsthrd.o)
 .data          0x0000000140009030       0x10 C:/msys64/mingw64/bin/../lib/gcc/x86_64-w64-mingw32/14.2.0/../../../../lib/libmingw32.a(lib64_libmingw32_a-tlsmcrt.o)
                0x0000000140009030                _CRT_MT
 .data          0x0000000140009040        0x0 C:/msys64/mingw64/bin/../lib/gcc/x86_64-w64-mingw32/14.2.0/../../../../lib/libmingw32.a(lib64_libmingw32_a-pseudo-reloc-list.o)
 .data          0x0000000140009040        0x0 C:/msys64/mingw64/bin/../lib/gcc/x86_64-w64-mingw32/14.2.0/../../../../lib/libmingw32.a(lib64_libmingw32_a-pesect.o)
 .data          0x0000000140009040        0x0 C:/msys64/mingw64/bin/../lib/gcc/x86_64-w64-mingw32/14.2.0/libgcc.a(_chkstk_ms.o)
 .data          0x0000000140009040        0x0 C:/msys64/mingw64/bin/../lib/gcc/x86_64-w64-mingw32/14.2.0/libgcc.a(_ctors.o)
 .data          0x0000000140009040       0x10 C:/msys64/mingw64/bin/../lib/gcc/x86_64-w64-mingw32/14.2.0/../../../../lib/libmingwex.a(lib64_libmingwex_a-mingw_matherr.o)
                0x0000000140009040                _MINGW_INSTALL_DEBUG_MATHERR
 .data          0x0000000140009050        0x0 C:/msys64/mingw64/bin/../lib/gcc/x86_64-w64-mingw32/14.2.0/../../../../lib/libmingwex.a(lib64_libmingwex_a-mingw_printf.o)
 .data          0x0000000140009050       0x20 C:/msys64/mingw64/bin/../lib/gcc/x86_64-w64-mingw32/14.2.0/../../../../lib/libmingwex.a(lib64_libmingwex_a-mingw_pformat.o)
 .data          0x0000000140009070        0x0 C:/msys64/mingw64/bin/../lib/gcc/x86_64-w64-mingw32/14.2.0/../../../../lib/libmingwex.a(lib64_libmingwex_a-dmisc.o)
 .data          0x0000000140009070        0x0 C:/msys64/mingw64/bin/../lib/gcc/x86_64-w64-mingw32/14.2.0/../../../../lib/libmingwex.a(lib64_libmingwex_a-gdtoa.o)
 .data          0x0000000140009070        0x0 C:/msys64/mingw64/bin/../lib/gcc/x86_64-w64-mingw32/14.2.0/../../../../lib/libmingwex.a(lib64_libmingwex_a-gmisc.o)
 .data          0x0000000140009070       0x10 C:/msys64/mingw64/bin/../lib/gcc/x86_64-w64-mingw32/14.2.0/../../../../lib/libmingwex.a(lib64_libmingwex_a-misc.o)
 .data          0x0000000140009080        0x0 C:/msys64/mingw64/bin/../lib/gcc/x86_64-w64-mingw32/14.2.0/../../../../lib/libmsvcrt.a(lib64_libmsvcrt_extra_a-wcsnlen.o)
 .data          0x0000000140009080        0x0 C:/msys64/mingw64/bin/../lib/gcc/x86_64-w64-mingw32/14.2.0/../../../../lib/libmsvcrt.a(lib64_libmsvcrt_extra_a-wcrtomb.o)
 .data          0x0000000140009080        0x0 C:/msys64/mingw64/bin/../lib/gcc/x86_64-w64-mingw32/14.2.0/../../../../lib/libmsvcrt.a(lib64_libmsvcrt_extra_a-strnlen.o)
 .data          0x0000000140009080        0x0 C:/msys64/mingw64/bin/../lib/gcc/x86_64-w64-mingw32/14.2.0/../../../../lib/libmsvcrt.a(lib64_libmsvcrt_extra_a-mbrtowc.o)
 .data          0x0000000140009080       0x10 C:/msys64/mingw64/bin/../lib/gcc/x86_64-w64-mingw32/14.2.0/../../../../lib/libmsvcrt.a(lib64_libmsvcrt_extra_a-_initterm_e.o)
                0x0000000140009080                __imp__initterm_e
 .data          0x0000000140009090       0x10 C:/msys64/mingw64/bin/../lib/gcc/x86_64-w64-mingw32/14.2.0/../../../../lib/libmsvcrt.a(lib64_libmsvcrt_extra_a-__p__fmode.o)
                0x0000000140009090                __imp___p__fmode
 .data          0x00000001400090a0       0x10 C:/msys64/mingw64/bin/../lib/gcc/x86_64-w64-mingw32/14.2.0/../../../../lib/libmsvcrt.a(lib64_libmsvcrt_extra_a-__p__commode.o)
                0x00000001400090a0                __imp___p__commode
 .data          0x00000001400090b0       0x10 C:/msys64/mingw64/bin/../lib/gcc/x86_64-w64-mingw32/14.2.0/../../../../lib/libmsvcrt.a(lib64_libmsvcrt_extra_a-__p___initenv.o)
                0x00000001400090b0                __imp___p___initenv
 .data          0x00000001400090c0       0x10 C:/msys64/mingw64/bin/../lib/gcc/x86_64-w64-mingw32/14.2.0/../../../../lib/libmsvcrt.a(lib64_libmsvcrt_extra_a-mingw_lock.o)
                0x00000001400090c0                __imp__unlock_file
                0x00000001400090c8                __imp__lock_file
 .data          0x00000001400090d0       0x10 C:/msys64/mingw64/bin/../lib/gcc/x86_64-w64-mingw32/14.2.0/../../../../lib/libmsvcrt.a(lib64_libmsvcrt_extra_a-invalid_parameter_handler.o)
                0x00000001400090d0                __imp__get_invalid_parameter_handler
                0x00000001400090d8                __imp__set_invalid_parameter_handler
 .data          0x00000001400090e0       0x10 C:/msys64/mingw64/bin/../lib/gcc/x86_64-w64-mingw32/14.2.0/../../../../lib/libmsvcrt.a(lib64_libmsvcrt_common_a-acrt_iob_func.o)
                0x00000001400090e0                __imp___acrt_iob_func
 .data          0x00000001400090f0        0x0 C:/msys64/mingw64/bin/../lib/gcc/x86_64-w64-mingw32/14.2.0/../../../../lib/libmsvcrt.a(libmsvcrt_defs00089.o)
 .data          0x00000001400090f0        0x0 C:/msys64/mingw64/bin/../lib/gcc/x86_64-w64-mingw32/14.2.0/../../../../lib/libmsvcrt.a(libmsvcrt_defs00109.o)
 .data          0x00000001400090f0        0x0 C:/msys64/mingw64/bin/../lib/gcc/x86_64-w64-mingw32/14.2.0/../../../../lib/libmsvcrt.a(libmsvcrt_defs00112.o)
 .data          0x00000001400090f0        0x0 C:/msys64/mingw64/bin/../lib/gcc/x86_64-w64-mingw32/14.2.0/../../../../lib/libmsvcrt.a(libmsvcrt_defs00127.o)
 .data          0x00000001400090f0        0x0 C:/msys64/mingw64/bin/../lib/gcc/x86_64-w64-mingw32/14.2.0/../../../../lib/libmsvcrt.a(libmsvcrt_defs00128.o)
 .data          0x00000001400090f0        0x0 C:/msys64/mingw64/bin/../lib/gcc/x86_64-w64-mingw32/14.2.0/../../../../lib/libmsvcrt.a(libmsvcrt_defs00130.o)
 .data          0x00000001400090f0        0x0 C:/msys64/mingw64/bin/../lib/gcc/x86_64-w64-mingw32/14.2.0/../../../../lib/libmsvcrt.a(libmsvcrt_defs00146.o)
 .data          0x00000001400090f0        0x0 C:/msys64/mingw64/bin/../lib/gcc/x86_64-w64-mingw32/14.2.0/../../../../lib/libmsvcrt.a(libmsvcrt_defs00148.o)
 .data          0x00000001400090f0        0x0 C:/msys64/mingw64/bin/../lib/gcc/x86_64-w64-mingw32/14.2.0/../../../../lib/libmsvcrt.a(libmsvcrt_defs00181.o)
 .data          0x00000001400090f0        0x0 C:/msys64/mingw64/bin/../lib/gcc/x86_64-w64-mingw32/14.2.0/../../../../lib/libmsvcrt.a(libmsvcrt_defs00202.o)
 .data          0x00000001400090f0        0x0 C:/msys64/mingw64/bin/../lib/gcc/x86_64-w64-mingw32/14.2.0/../../../../lib/libmsvcrt.a(libmsvcrt_defs00221.o)
 .data          0x00000001400090f0        0x0 C:/msys64/mingw64/bin/../lib/gcc/x86_64-w64-mingw32/14.2.0/../../../../lib/libmsvcrt.a(libmsvcrt_defs00270.o)
 .data          0x00000001400090f0        0x0 C:/msys64/mingw64/bin/../lib/gcc/x86_64-w64-mingw32/14.2.0/../../../../lib/libmsvcrt.a(libmsvcrt_defs00322.o)
 .data          0x00000001400090f0        0x0 C:/msys64/mingw64/bin/../lib/gcc/x86_64-w64-mingw32/14.2.0/../../../../lib/libmsvcrt.a(libmsvcrt_defs00413.o)
 .data          0x00000001400090f0        0x0 C:/msys64/mingw64/bin/../lib/gcc/x86_64-w64-mingw32/14.2.0/../../../../lib/libmsvcrt.a(libmsvcrt_defs00523.o)
 .data          0x00000001400090f0        0x0 C:/msys64/mingw64/bin/../lib/gcc/x86_64-w64-mingw32/14.2.0/../../../../lib/libmsvcrt.a(libmsvcrt_defs00919.o)
 .data          0x00000001400090f0        0x0 C:/msys64/mingw64/bin/../lib/gcc/x86_64-w64-mingw32/14.2.0/../../../../lib/libmsvcrt.a(libmsvcrt_defs01143.o)
 .data          0x00000001400090f0        0x0 C:/msys64/mingw64/bin/../lib/gcc/x86_64-w64-mingw32/14.2.0/../../../../lib/libmsvcrt.a(libmsvcrt_defs01155.o)
 .data          0x00000001400090f0        0x0 C:/msys64/mingw64/bin/../lib/gcc/x86_64-w64-mingw32/14.2.0/../../../../lib/libmsvcrt.a(libmsvcrt_defs01163.o)
 .data          0x00000001400090f0        0x0 C:/msys64/mingw64/bin/../lib/gcc/x86_64-w64-mingw32/14.2.0/../../../../lib/libmsvcrt.a(libmsvcrt_defs01178.o)
 .data          0x00000001400090f0        0x0 C:/msys64/mingw64/bin/../lib/gcc/x86_64-w64-mingw32/14.2.0/../../../../lib/libmsvcrt.a(libmsvcrt_defs01199.o)
 .data          0x00000001400090f0        0x0 C:/msys64/mingw64/bin/../lib/gcc/x86_64-w64-mingw32/14.2.0/../../../../lib/libmsvcrt.a(libmsvcrt_defs01201.o)
 .data          0x00000001400090f0        0x0 C:/msys64/mingw64/bin/../lib/gcc/x86_64-w64-mingw32/14.2.0/../../../../lib/libmsvcrt.a(libmsvcrt_defs01206.o)
 .data          0x00000001400090f0        0x0 C:/msys64/mingw64/bin/../lib/gcc/x86_64-w64-mingw32/14.2.0/../../../../lib/libmsvcrt.a(libmsvcrt_defs01220.o)
 .data          0x00000001400090f0        0x0 C:/msys64/mingw64/bin/../lib/gcc/x86_64-w64-mingw32/14.2.0/../../../../lib/libmsvcrt.a(libmsvcrt_defs01260.o)
 .data          0x00000001400090f0        0x0 C:/msys64/mingw64/bin/../lib/gcc/x86_64-w64-mingw32/14.2.0/../../../../lib/libmsvcrt.a(libmsvcrt_defs01268.o)
 .data          0x00000001400090f0        0x0 C:/msys64/mingw64/bin/../lib/gcc/x86_64-w64-mingw32/14.2.0/../../../../lib/libmsvcrt.a(libmsvcrt_defs01277.o)
 .data          0x00000001400090f0        0x0 C:/msys64/mingw64/bin/../lib/gcc/x86_64-w64-mingw32/14.2.0/../../../../lib/libmsvcrt.a(libmsvcrt_defs01279.o)
 .data          0x00000001400090f0        0x0 C:/msys64/mingw64/bin/../lib/gcc/x86_64-w64-mingw32/14.2.0/../../../../lib/libmsvcrt.a(libmsvcrt_defs01309.o)
 .data          0x00000001400090f0        0x0 C:/msys64/mingw64/bin/../lib/gcc/x86_64-w64-mingw32/14.2.0/../../../../lib/libmsvcrt.a(libmsvcrt_defs01330.o)
 .data          0x00000001400090f0        0x0 C:/msys64/mingw64/bin/../lib/gcc/x86_64-w64-mingw32/14.2.0/../../../../lib/libmsvcrt.a(libmsvcrt_defs01332.o)
 .data          0x00000001400090f0        0x0 C:/msys64/mingw64/bin/../lib/gcc/x86_64-w64-mingw32/14.2.0/../../../../lib/libmsvcrt.a(libmsvcrt_defs01335.o)
 .data          0x00000001400090f0        0x0 C:/msys64/mingw64/bin/../lib/gcc/x86_64-w64-mingw32/14.2.0/../../../../lib/libmsvcrt.a(libmsvcrt_defs01367.o)
 .data          0x00000001400090f0        0x0 C:/msys64/mingw64/bin/../lib/gcc/x86_64-w64-mingw32/14.2.0/../../../../lib/libmsvcrt.a(libmsvcrt_defs01393.o)
 .data          0x00000001400090f0        0x0 C:/msys64/mingw64/bin/../lib/gcc/x86_64-w64-mingw32/14.2.0/../../../../lib/libmsvcrt.a(libmsvcrt_defh.o)
 .data          0x00000001400090f0        0x0 C:/msys64/mingw64/bin/../lib/gcc/x86_64-w64-mingw32/14.2.0/../../../../lib/libmsvcrt.a(libmsvcrt_deft.o)
 .data          0x00000001400090f0        0x0 C:/msys64/mingw64/bin/../lib/gcc/x86_64-w64-mingw32/14.2.0/../../../../lib/libkernel32.a(libkernel32s01588.o)
 .data          0x00000001400090f0        0x0 C:/msys64/mingw64/bin/../lib/gcc/x86_64-w64-mingw32/14.2.0/../../../../lib/libkernel32.a(libkernel32s01535.o)
 .data          0x00000001400090f0        0x0 C:/msys64/mingw64/bin/../lib/gcc/x86_64-w64-mingw32/14.2.0/../../../../lib/libkernel32.a(libkernel32s01533.o)
 .data          0x00000001400090f0        0x0 C:/msys64/mingw64/bin/../lib/gcc/x86_64-w64-mingw32/14.2.0/../../../../lib/libkernel32.a(libkernel32s01485.o)
 .data          0x00000001400090f0        0x0 C:/msys64/mingw64/bin/../lib/gcc/x86_64-w64-mingw32/14.2.0/../../../../lib/libkernel32.a(libkernel32s01449.o)
 .data          0x00000001400090f0        0x0 C:/msys64/mingw64/bin/../lib/gcc/x86_64-w64-mingw32/14.2.0/../../../../lib/libkernel32.a(libkernel32s01433.o)
 .data          0x00000001400090f0        0x0 C:/msys64/mingw64/bin/../lib/gcc/x86_64-w64-mingw32/14.2.0/../../../../lib/libkernel32.a(libkernel32s01064.o)
 .data          0x00000001400090f0        0x0 C:/msys64/mingw64/bin/../lib/gcc/x86_64-w64-mingw32/14.2.0/../../../../lib/libkernel32.a(libkernel32s01012.o)
 .data          0x00000001400090f0        0x0 C:/msys64/mingw64/bin/../lib/gcc/x86_64-w64-mingw32/14.2.0/../../../../lib/libkernel32.a(libkernel32s00945.o)
 .data          0x00000001400090f0        0x0 C:/msys64/mingw64/bin/../lib/gcc/x86_64-w64-mingw32/14.2.0/../../../../lib/libkernel32.a(libkernel32s00918.o)
 .data          0x00000001400090f0        0x0 C:/msys64/mingw64/bin/../lib/gcc/x86_64-w64-mingw32/14.2.0/../../../../lib/libkernel32.a(libkernel32s00648.o)
 .data          0x00000001400090f0        0x0 C:/msys64/mingw64/bin/../lib/gcc/x86_64-w64-mingw32/14.2.0/../../../../lib/libkernel32.a(libkernel32s00333.o)
 .data          0x00000001400090f0        0x0 C:/msys64/mingw64/bin/../lib/gcc/x86_64-w64-mingw32/14.2.0/../../../../lib/libkernel32.a(libkernel32s00295.o)
 .data          0x00000001400090f0        0x0 C:/msys64/mingw64/bin/../lib/gcc/x86_64-w64-mingw32/14.2.0/../../../../lib/libkernel32.a(libkernel32h.o)
 .data          0x00000001400090f0        0x0 C:/msys64/mingw64/bin/../lib/gcc/x86_64-w64-mingw32/14.2.0/../../../../lib/libkernel32.a(libkernel32t.o)
 .data          0x00000001400090f0        0x0 C:/msys64/mingw64/bin/../lib/gcc/x86_64-w64-mingw32/14.2.0/crtend.o
 *(.data2)
 *(SORT_BY_NAME(.data$*))
 *(.jcr)
                0x00000001400090f0                __data_end__ = .
 *(.data_cygwin_nocopy)

.rdata          0x000000014000a000     0x1400
 *(.rdata)
 .rdata         0x000000014000a000      0x130 C:\Users\humih\AppData\Local\Temp\cc0a6PEu.o
 *fill*         0x000000014000a130       0x10 
 .rdata         0x000000014000a140       0x60 C:/msys64/mingw64/bin/../lib/gcc/x86_64-w64-mingw32/14.2.0/../../../../lib/libmingw32.a(lib64_libmingw32_a-tlssup.o)
                0x000000014000a140                __dyn_tls_init_callback
                0x000000014000a160                _tls_used
 .rdata         0x000000014000a1a0      0x140 C:/msys64/mingw64/bin/../lib/gcc/x86_64-w64-mingw32/14.2.0/../../../../lib/libmingw32.a(lib64_libmingw32_a-merr.o)
 .rdata         0x000000014000a2e0      0x160 C:/msys64/mingw64/bin/../lib/gcc/x86_64-w64-mingw32/14.2.0/../../../../lib/libmingw32.a(lib64_libmingw32_a-pseudo-reloc.o)
 .rdata         0x000000014000a440       0x30 C:/msys64/mingw64/bin/../lib/gcc/x86_64-w64-mingw32/14.2.0/../../../../lib/libmingw32.a(lib64_libmingw32_a-crt_handler.o)
 .rdata         0x000000014000a470      0x190 C:/msys64/mingw64/bin/../lib/gcc/x86_64-w64-mingw32/14.2.0/../../../../lib/libmingwex.a(lib64_libmingwex_a-mingw_pformat.o)
 .rdata         0x000000014000a600       0x90 C:/msys64/mingw64/bin/../lib/gcc/x86_64-w64-mingw32/14.2.0/../../../../lib/libmingwex.a(lib64_libmingwex_a-gdtoa.o)
 *fill*         0x000000014000a690       0x10 
 .rdata         0x000000014000a6a0      0x160 C:/msys64/mingw64/bin/../lib/gcc/x86_64-w64-mingw32/14.2.0/../../../../lib/libmingwex.a(lib64_libmingwex_a-misc.o)
                0x000000014000a6c0                __tens_D2A
                0x000000014000a780                __tinytens_D2A
                0x000000014000a7c0                __bigtens_D2A
 *(SORT_BY_NAME(.rdata$*))
 .rdata$.refptr._CRT_MT
                0x000000014000a800       0x10 C:/msys64/mingw64/bin/../lib/gcc/x86_64-w64-mingw32/14.2.0/../../../../lib/libmingw32.a(lib64_libmingw32_a-tlssup.o)
                0x000000014000a800                .refptr._CRT_MT
 .rdata$.refptr._MINGW_INSTALL_DEBUG_MATHERR
                0x000000014000a810       0x10 C:/msys64/mingw64/bin/../lib/gcc/x86_64-w64-mingw32/14.2.0/../../../../lib/crt2.o
                0x000000014000a810                .refptr._MINGW_INSTALL_DEBUG_MATHERR
 .rdata$.refptr.__CTOR_LIST__
                0x000000014000a820       0x10 C:/msys64/mingw64/bin/../lib/gcc/x86_64-w64-mingw32/14.2.0/../../../../lib/libmingw32.a(lib64_libmingw32_a-gccmain.o)
                0x000000014000a820                .refptr.__CTOR_LIST__
 .rdata$.refptr.__ImageBase
                0x000000014000a830       0x10 C:/msys64/mingw64/bin/../lib/gcc/x86_64-w64-mingw32/14.2.0/../../../../lib/crt2.o
                0x000000014000a830                .refptr.__ImageBase
 .rdata$.refptr.__RUNTIME_PSEUDO_RELOC_LIST_END__
                0x000000014000a840       0x10 C:/msys64/mingw64/bin/../lib/gcc/x86_64-w64-mingw32/14.2.0/../../../../lib/libmingw32.a(lib64_libmingw32_a-pseudo-reloc.o)
                0x000000014000a840                .refptr.__RUNTIME_PSEUDO_RELOC_LIST_END__
 .rdata$.refptr.__RUNTIME_PSEUDO_RELOC_LIST__
                0x000000014000a850       0x10 C:/msys64/mingw64/bin/../lib/gcc/x86_64-w64-mingw32/14.2.0/../../../../lib/libmingw32.a(lib64_libmingw32_a-pseudo-reloc.o)
                0x000000014000a850                .refptr.__RUNTIME_PSEUDO_RELOC_LIST__
 .rdata$.refptr.__dyn_tls_init_callback
                0x000000014000a860       0x10 C:/msys64/mingw64/bin/../lib/gcc/x86_64-w64-mingw32/14.2.0/../../../../lib/crt2.o
                0x000000014000a860                .refptr.__dyn_tls_init_callback
 .rdata$.refptr.__imp___initenv
                0x000000014000a870       0x10 C:/msys64/mingw64/bin/../lib/gcc/x86_64-w64-mingw32/14.2.0/../../../../lib/libmsvcrt.a(lib64_libmsvcrt_extra_a-__p___initenv.o)
                0x000000014000a870                .refptr.__imp___initenv
 .rdata$.refptr.__imp__commode
                0x000000014000a880       0x10 C:/msys64/mingw64/bin/../lib/gcc/x86_64-w64-mingw32/14.2.0/../../../../lib/libmsvcrt.a(lib64_libmsvcrt_extra_a-__p__commode.o)
                0x000000014000a880                .refptr.__imp__commode
 .rdata$.refptr.__imp__fmode
                0x000000014000a890       0x10 C:/msys64/mingw64/bin/../lib/gcc/x86_64-w64-mingw32/14.2.0/../../../../lib/libmsvcrt.a(lib64_libmsvcrt_extra_a-__p__fmode.o)
                0x000000014000a890                .refptr.__imp__fmode
 .rdata$.refptr.__mingw_app_type
                0x000000014000a8a0       0x10 C:/msys64/mingw64/bin/../lib/gcc/x86_64-w64-mingw32/14.2.0/../../../../lib/crt2.o
                0x000000014000a8a0                .refptr.__mingw_app_type
 .rdata$.refptr.__mingw_initltsdrot_force
                0x000000014000a8b0       0x10 C:/msys64/mingw64/bin/../lib/gcc/x86_64-w64-mingw32/14.2.0/../../../../lib/crt2.o
                0x000000014000a8b0                .refptr.__mingw_initltsdrot_force
 .rdata$.refptr.__mingw_initltsdyn_force
                0x000000014000a8c0       0x10 C:/msys64/mingw64/bin/../lib/gcc/x86_64-w64-mingw32/14.2.0/../../../../lib/crt2.o
                0x000000014000a8c0                .refptr.__mingw_initltsdyn_force
 .rdata$.refptr.__mingw_initltssuo_force
                0x000000014000a8d0       0x10 C:/msys64/mingw64/bin/../lib/gcc/x86_64-w64-mingw32/14.2.0/../../../../lib/crt2.o
                0x000000014000a8d0                .refptr.__mingw_initltssuo_force
 .rdata$.refptr.__mingw_oldexcpt_handler
                0x000000014000a8e0       0x10 C:/msys64/mingw64/bin/../lib/gcc/x86_64-w64-mingw32/14.2.0/../../../../lib/crt2.o
                0x000000014000a8e0                .refptr.__mingw_oldexcpt_handler
 .rdata$.refptr.__native_startup_lock
                0x000000014000a8f0       0x10 C:/msys64/mingw64/bin/../lib/gcc/x86_64-w64-mingw32/14.2.0/../../../../lib/crt2.o
                0x000000014000a8f0                .refptr.__native_startup_lock
 .rdata$.refptr.__native_startup_state
                0x000000014000a900       0x10 C:/msys64/mingw64/bin/../lib/gcc/x86_64-w64-mingw32/14.2.0/../../../../lib/crt2.o
                0x000000014000a900                .refptr.__native_startup_state
 .rdata$.refptr.__tens_D2A
                0x000000014000a910       0x10 C:/msys64/mingw64/bin/../lib/gcc/x86_64-w64-mingw32/14.2.0/../../../../lib/libmingwex.a(lib64_libmingwex_a-gdtoa.o)
                0x000000014000a910                .refptr.__tens_D2A
 .rdata$.refptr.__xc_a
                0x000000014000a920       0x10 C:/msys64/mingw64/bin/../lib/gcc/x86_64-w64-mingw32/14.2.0/../../../../lib/crt2.o
                0x000000014000a920                .refptr.__xc_a
 .rdata$.refptr.__xc_z
                0x000000014000a930       0x10 C:/msys64/mingw64/bin/../lib/gcc/x86_64-w64-mingw32/14.2.0/../../../../lib/crt2.o
                0x000000014000a930                .refptr.__xc_z
 .rdata$.refptr.__xi_a
                0x000000014000a940       0x10 C:/msys64/mingw64/bin/../lib/gcc/x86_64-w64-mingw32/14.2.0/../../../../lib/crt2.o
                0x000000014000a940                .refptr.__xi_a
 .rdata$.refptr.__xi_z
                0x000000014000a950       0x10 C:/msys64/mingw64/bin/../lib/gcc/x86_64-w64-mingw32/14.2.0/../../../../lib/crt2.o
                0x000000014000a950                .refptr.__xi_z
 .rdata$.refptr._commode
                0x000000014000a960       0x10 C:/msys64/mingw64/bin/../lib/gcc/x86_64-w64-mingw32/14.2.0/../../../../lib/crt2.o
                0x000000014000a960                .refptr._commode
 .rdata$.refptr._dowildcard
                0x000000014000a970       0x10 C:/msys64/mingw64/bin/../lib/gcc/x86_64-w64-mingw32/14.2.0/../../../../lib/crt2.o
                0x000000014000a970                .refptr._dowildcard
 .rdata$.refptr._fmode
                0x000000014000a980       0x10 C:/msys64/mingw64/bin/../lib/gcc/x86_64-w64-mingw32/14.2.0/../../../../lib/crt2.o
                0x000000014000a980                .refptr._fmode
 .rdata$.refptr._gnu_exception_handler
                0x000000014000a990       0x10 C:/msys64/mingw64/bin/../lib/gcc/x86_64-w64-mingw32/14.2.0/../../../../lib/crt2.o
                0x000000014000a990                .refptr._gnu_exception_handler
 .rdata$.refptr._matherr
                0x000000014000a9a0       0x10 C:/msys64/mingw64/bin/../lib/gcc/x86_64-w64-mingw32/14.2.0/../../../../lib/crt2.o
                0x000000014000a9a0                .refptr._matherr
 .rdata$.refptr._newmode
                0x000000014000a9b0       0x10 C:/msys64/mingw64/bin/../lib/gcc/x86_64-w64-mingw32/14.2.0/../../../../lib/crt2.o
                0x000000014000a9b0                .refptr._newmode
 .rdata$zzz     0x000000014000a9c0       0x30 C:/msys64/mingw64/bin/../lib/gcc/x86_64-w64-mingw32/14.2.0/../../../../lib/crt2.o
 .rdata$zzz     0x000000014000a9f0       0x30 C:/msys64/mingw64/bin/../lib/gcc/x86_64-w64-mingw32/14.2.0/crtbegin.o
 .rdata$zzz     0x000000014000aa20       0x30 C:\Users\humih\AppData\Local\Temp\cc0a6PEu.o
 .rdata$zzz     0x000000014000aa50       0x30 C:/msys64/mingw64/bin/../lib/gcc/x86_64-w64-mingw32/14.2.0/../../../../lib/libmingw32.a(lib64_libmingw32_a-gccmain.o)
 .rdata$zzz     0x000000014000aa80       0x30 C:/msys64/mingw64/bin/../lib/gcc/x86_64-w64-mingw32/14.2.0/../../../../lib/libmingw32.a(lib64_libmingw32_a-natstart.o)
 .rdata$zzz     0x000000014000aab0       0x30 C:/msys64/mingw64/bin/../lib/gcc/x86_64-w64-mingw32/14.2.0/../../../../lib/libmingw32.a(lib64_libmingw32_a-wildcard.o)
 .rdata$zzz     0x000000014000aae0       0x30 C:/msys64/mingw64/bin/../lib/gcc/x86_64-w64-mingw32/14.2.0/../../../../lib/libmingw32.a(lib64_libmingw32_a-dllargv.o)
 .rdata$zzz     0x000000014000ab10       0x30 C:/msys64/mingw64/bin/../lib/gcc/x86_64-w64-mingw32/14.2.0/../../../../lib/libmingw32.a(lib64_libmingw32_a-_newmode.o)
 .rdata$zzz     0x000000014000ab40       0x30 C:/msys64/mingw64/bin/../lib/gcc/x86_64-w64-mingw32/14.2.0/../../../../lib/libmingw32.a(lib64_libmingw32_a-tlssup.o)
 .rdata$zzz     0x000000014000ab70       0x30 C:/msys64/mingw64/bin/../lib/gcc/x86_64-w64-mingw32/14.2.0/../../../../lib/libmingw32.a(lib64_libmingw32_a-xncommod.o)
 .rdata$zzz     0x000000014000aba0       0x30 C:/msys64/mingw64/bin/../lib/gcc/x86_64-w64-mingw32/14.2.0/../../../../lib/libmingw32.a(lib64_libmingw32_a-cinitexe.o)
 .rdata$zzz     0x000000014000abd0       0x30 C:/msys64/mingw64/bin/../lib/gcc/x86_64-w64-mingw32/14.2.0/../../../../lib/libmingw32.a(lib64_libmingw32_a-merr.o)
 .rdata$zzz     0x000000014000ac00       0x30 C:/msys64/mingw64/bin/../lib/gcc/x86_64-w64-mingw32/14.2.0/../../../../lib/libmingw32.a(lib64_libmingw32_a-CRT_fp10.o)
 .rdata$zzz     0x000000014000ac30       0x30 C:/msys64/mingw64/bin/../lib/gcc/x86_64-w64-mingw32/14.2.0/../../../../lib/libmingw32.a(lib64_libmingw32_a-mingw_helpers.o)
 .rdata$zzz     0x000000014000ac60       0x30 C:/msys64/mingw64/bin/../lib/gcc/x86_64-w64-mingw32/14.2.0/../../../../lib/libmingw32.a(lib64_libmingw32_a-pseudo-reloc.o)
 .rdata$zzz     0x000000014000ac90       0x30 C:/msys64/mingw64/bin/../lib/gcc/x86_64-w64-mingw32/14.2.0/../../../../lib/libmingw32.a(lib64_libmingw32_a-usermatherr.o)
 .rdata$zzz     0x000000014000acc0       0x30 C:/msys64/mingw64/bin/../lib/gcc/x86_64-w64-mingw32/14.2.0/../../../../lib/libmingw32.a(lib64_libmingw32_a-xtxtmode.o)
 .rdata$zzz     0x000000014000acf0       0x30 C:/msys64/mingw64/bin/../lib/gcc/x86_64-w64-mingw32/14.2.0/../../../../lib/libmingw32.a(lib64_libmingw32_a-crt_handler.o)
 .rdata$zzz     0x000000014000ad20       0x30 C:/msys64/mingw64/bin/../lib/gcc/x86_64-w64-mingw32/14.2.0/../../../../lib/libmingw32.a(lib64_libmingw32_a-tlsthrd.o)
 .rdata$zzz     0x000000014000ad50       0x30 C:/msys64/mingw64/bin/../lib/gcc/x86_64-w64-mingw32/14.2.0/../../../../lib/libmingw32.a(lib64_libmingw32_a-tlsmcrt.o)
 .rdata$zzz     0x000000014000ad80       0x30 C:/msys64/mingw64/bin/../lib/gcc/x86_64-w64-mingw32/14.2.0/../../../../lib/libmingw32.a(lib64_libmingw32_a-pseudo-reloc-list.o)
 .rdata$zzz     0x000000014000adb0       0x30 C:/msys64/mingw64/bin/../lib/gcc/x86_64-w64-mingw32/14.2.0/../../../../lib/libmingw32.a(lib64_libmingw32_a-pesect.o)
 .rdata$zzz     0x000000014000ade0       0x30 C:/msys64/mingw64/bin/../lib/gcc/x86_64-w64-mingw32/14.2.0/libgcc.a(_ctors.o)
 .rdata$zzz     0x000000014000ae10       0x30 C:/msys64/mingw64/bin/../lib/gcc/x86_64-w64-mingw32/14.2.0/../../../../lib/libmingwex.a(lib64_libmingwex_a-mingw_matherr.o)
 .rdata$zzz     0x000000014000ae40       0x30 C:/msys64/mingw64/bin/../lib/gcc/x86_64-w64-mingw32/14.2.0/../../../../lib/libmingwex.a(lib64_libmingwex_a-mingw_printf.o)
 .rdata$zzz     0x000000014000ae70       0x30 C:/msys64/mingw64/bin/../lib/gcc/x86_64-w64-mingw32/14.2.0/../../../../lib/libmingwex.a(lib64_libmingwex_a-mingw_pformat.o)
 .rdata$zzz     0x000000014000aea0       0x30 C:/msys64/mingw64/bin/../lib/gcc/x86_64-w64-mingw32/14.2.0/../../../../lib/libmingwex.a(lib64_libmingwex_a-dmisc.o)
 .rdata$zzz     0x000000014000aed0       0x30 C:/msys64/mingw64/bin/../lib/gcc/x86_64-w64-mingw32/14.2.0/../../../../lib/libmingwex.a(lib64_libmingwex_a-gdtoa.o)
 .rdata$zzz     0x000000014000af00       0x30 C:/msys64/mingw64/bin/../lib/gcc/x86_64-w64-mingw32/14.2.0/../../../../lib/libmingwex.a(lib64_libmingwex_a-gmisc.o)
 .rdata$zzz     0x000000014000af30       0x30 C:/msys64/mingw64/bin/../lib/gcc/x86_64-w64-mingw32/14.2.0/../../../../lib/libmingwex.a(lib64_libmingwex_a-misc.o)
 .rdata$zzz     0x000000014000af60       0x30 C:/msys64/mingw64/bin/../lib/gcc/x86_64-w64-mingw32/14.2.0/../../../../lib/libmsvcrt.a(lib64_libmsvcrt_extra_a-wcsnlen.o)
 .rdata$zzz     0x000000014000af90       0x30 C:/msys64/mingw64/bin/../lib/gcc/x86_64-w64-mingw32/14.2.0/../../../../lib/libmsvcrt.a(lib64_libmsvcrt_extra_a-wcrtomb.o)
 .rdata$zzz     0x000000014000afc0       0x30 C:/msys64/mingw64/bin/../lib/gcc/x86_64-w64-mingw32/14.2.0/../../../../lib/libmsvcrt.a(lib64_libmsvcrt_extra_a-strnlen.o)
 .rdata$zzz     0x000000014000aff0       0x30 C:/msys64/mingw64/bin/../lib/gcc/x86_64-w64-mingw32/14.2.0/../../../../lib/libmsvcrt.a(lib64_libmsvcrt_extra_a-mbrtowc.o)
 .rdata$zzz     0x000000014000b020       0x30 C:/msys64/mingw64/bin/../lib/gcc/x86_64-w64-mingw32/14.2.0/../../../../lib/libmsvcrt.a(lib64_libmsvcrt_extra_a-_initterm_e.o)
 .rdata$zzz     0x000000014000b050       0x30 C:/msys64/mingw64/bin/../lib/gcc/x86_64-w64-mingw32/14.2.0/../../../../lib/libmsvcrt.a(lib64_libmsvcrt_extra_a-__p__fmode.o)
 .rdata$zzz     0x000000014000b080       0x30 C:/msys64/mingw64/bin/../lib/gcc/x86_64-w64-mingw32/14.2.0/../../../../lib/libmsvcrt.a(lib64_libmsvcrt_extra_a-__p__commode.o)
 .rdata$zzz     0x000000014000b0b0       0x30 C:/msys64/mingw64/bin/../lib/gcc/x86_64-w64-mingw32/14.2.0/../../../../lib/libmsvcrt.a(lib64_libmsvcrt_extra_a-__p___initenv.o)
 .rdata$zzz     0x000000014000b0e0       0x30 C:/msys64/mingw64/bin/../lib/gcc/x86_64-w64-mingw32/14.2.0/../../../../lib/libmsvcrt.a(lib64_libmsvcrt_extra_a-mingw_lock.o)
 .rdata$zzz     0x000000014000b110       0x30 C:/msys64/mingw64/bin/../lib/gcc/x86_64-w64-mingw32/14.2.0/../../../../lib/libmsvcrt.a(lib64_libmsvcrt_extra_a-invalid_parameter_handler.o)
 .rdata$zzz     0x000000014000b140       0x30 C:/msys64/mingw64/bin/../lib/gcc/x86_64-w64-mingw32/14.2.0/../../../../lib/libmsvcrt.a(lib64_libmsvcrt_common_a-acrt_iob_func.o)
 .rdata$zzz     0x000000014000b170       0x30 C:/msys64/mingw64/bin/../lib/gcc/x86_64-w64-mingw32/14.2.0/crtend.o
                0x000000014000b1a0                . = ALIGN (0x4)
                0x000000014000b1a0                __rt_psrelocs_start = .
 *(.rdata_runtime_pseudo_reloc)
                0x000000014000b1a0                __rt_psrelocs_end = .
                0x000000014000b1a0                . = ALIGN (0x8)
                0x000000014000b1a0                ___CTOR_LIST__ = .
                0x000000014000b1a0                __CTOR_LIST__ = .
                0x000000014000b1a0        0x4 LONG 0xffffffffffffffff
                0x000000014000b1a4        0x4 LONG 0xffffffffffffffff
 *(.ctors)
 *(.ctor)
 *(SORT_BY_NAME(.ctors.*))
 .ctors.65535   0x000000014000b1a8        0x8 C:/msys64/mingw64/bin/../lib/gcc/x86_64-w64-mingw32/14.2.0/crtend.o
                0x000000014000b1b0        0x4 LONG 0x0
                0x000000014000b1b4        0x4 LONG 0x0
                0x000000014000b1b8                ___DTOR_LIST__ = .
                0x000000014000b1b8                __DTOR_LIST__ = .
                0x000000014000b1b8        0x4 LONG 0xffffffffffffffff
                0x000000014000b1bc        0x4 LONG 0xffffffffffffffff
 *(.dtors)
 *(.dtor)
 *(SORT_BY_NAME(.dtors.*))
                0x000000014000b1c0        0x4 LONG 0x0
                0x000000014000b1c4        0x4 LONG 0x0
                0x000000014000b1c8                ___crt_xc_start__ = .
 *(SORT_BY_NAME(.CRT$XC*))
 .CRT$XCA       0x000000014000b1c8        0x8 C:/msys64/mingw64/bin/../lib/gcc/x86_64-w64-mingw32/14.2.0/../../../../lib/libmingw32.a(lib64_libmingw32_a-cinitexe.o)
                0x000000014000b1c8                __xc_a
 .CRT$XCAA      0x000000014000b1d0        0x8 C:/msys64/mingw64/bin/../lib/gcc/x86_64-w64-mingw32/14.2.0/../../../../lib/crt2.o
                0x000000014000b1d0                __mingw_pcppinit
 .CRT$XCZ       0x000000014000b1d8        0x8 C:/msys64/mingw64/bin/../lib/gcc/x86_64-w64-mingw32/14.2.0/../../../../lib/libmingw32.a(lib64_libmingw32_a-cinitexe.o)
                0x000000014000b1d8                __xc_z
                0x000000014000b1e0                ___crt_xc_end__ = .
                0x000000014000b1e0                ___crt_xi_start__ = .
 *(SORT_BY_NAME(.CRT$XI*))
 .CRT$XIA       0x000000014000b1e0        0x8 C:/msys64/mingw64/bin/../lib/gcc/x86_64-w64-mingw32/14.2.0/../../../../lib/libmingw32.a(lib64_libmingw32_a-cinitexe.o)
                0x000000014000b1e0                __xi_a
 .CRT$XIAA      0x000000014000b1e8        0x8 C:/msys64/mingw64/bin/../lib/gcc/x86_64-w64-mingw32/14.2.0/../../../../lib/crt2.o
                0x000000014000b1e8                __mingw_pcinit
 .CRT$XIZ       0x000000014000b1f0        0x8 C:/msys64/mingw64/bin/../lib/gcc/x86_64-w64-mingw32/14.2.0/../../../../lib/libmingw32.a(lib64_libmingw32_a-cinitexe.o)
                0x000000014000b1f0                __xi_z
                0x000000014000b1f8                ___crt_xi_end__ = .
                0x000000014000b1f8                ___crt_xl_start__ = .
 *(SORT_BY_NAME(.CRT$XL*))
 .CRT$XLA       0x000000014000b1f8        0x8 C:/msys64/mingw64/bin/../lib/gcc/x86_64-w64-mingw32/14.2.0/../../../../lib/libmingw32.a(lib64_libmingw32_a-tlssup.o)
                0x000000014000b1f8                __xl_a
 .CRT$XLC       0x000000014000b200        0x8 C:/msys64/mingw64/bin/../lib/gcc/x86_64-w64-mingw32/14.2.0/../../../../lib/libmingw32.a(lib64_libmingw32_a-tlssup.o)
                0x000000014000b200                __xl_c
 .CRT$XLD       0x000000014000b208        0x8 C:/msys64/mingw64/bin/../lib/gcc/x86_64-w64-mingw32/14.2.0/../../../../lib/libmingw32.a(lib64_libmingw32_a-tlssup.o)
                0x000000014000b208                __xl_d
 .CRT$XLZ       0x000000014000b210        0x8 C:/msys64/mingw64/bin/../lib/gcc/x86_64-w64-mingw32/14.2.0/../../../../lib/libmingw32.a(lib64_libmingw32_a-tlssup.o)
                0x000000014000b210                __xl_z
                0x000000014000b218                ___crt_xp_start__ = .
 *(SORT_BY_NAME(.CRT$XP*))
                0x000000014000b218                ___crt_xp_end__ = .
                0x000000014000b218                ___crt_xt_start__ = .
 *(SORT_BY_NAME(.CRT$XT*))
                0x000000014000b218                ___crt_xt_end__ = .
                0x000000014000b218                ___crt_xd_start__ = .
 *(SORT_BY_NAME(.CRT$XD*))
 .CRT$XDA       0x000000014000b218        0x8 C:/msys64/mingw64/bin/../lib/gcc/x86_64-w64-mingw32/14.2.0/../../../../lib/libmingw32.a(lib64_libmingw32_a-tlssup.o)
 .CRT$XDZ       0x000000014000b220        0x8 C:/msys64/mingw64/bin/../lib/gcc/x86_64-w64-mingw32/14.2.0/../../../../lib/libmingw32.a(lib64_libmingw32_a-tlssup.o)
                0x000000014000b228                ___crt_xd_end__ = .
                0x000000014000b1a0                ___RUNTIME_PSEUDO_RELOC_LIST_END__ = __rt_psrelocs_end
                0x000000014000b1a0                __RUNTIME_PSEUDO_RELOC_LIST_END__ = __rt_psrelocs_end
                0x000000014000b1a0                ___RUNTIME_PSEUDO_RELOC_LIST__ = __rt_psrelocs_start
                0x000000014000b1a0                __RUNTIME_PSEUDO_RELOC_LIST__ = __rt_psrelocs_start

.eh_frame
 *(.eh_frame*)

.pdata          0x000000014000c000      0x600
 *(.pdata*)
 .pdata         0x000000014000c000       0x54 C:/msys64/mingw64/bin/../lib/gcc/x86_64-w64-mingw32/14.2.0/../../../../lib/crt2.o
 .pdata         0x000000014000c054       0x18 C:/msys64/mingw64/bin/../lib/gcc/x86_64-w64-mingw32/14.2.0/crtbegin.o
 .pdata         0x000000014000c06c       0x18 C:\Users\humih\AppData\Local\Temp\cc0a6PEu.o
 .pdata         0x000000014000c084       0x24 C:/msys64/mingw64/bin/../lib/gcc/x86_64-w64-mingw32/14.2.0/../../../../lib/libmingw32.a(lib64_libmingw32_a-gccmain.o)
 .pdata         0x000000014000c0a8        0xc C:/msys64/mingw64/bin/../lib/gcc/x86_64-w64-mingw32/14.2.0/../../../../lib/libmingw32.a(lib64_libmingw32_a-dllargv.o)
 .pdata         0x000000014000c0b4       0x24 C:/msys64/mingw64/bin/../lib/gcc/x86_64-w64-mingw32/14.2.0/../../../../lib/libmingw32.a(lib64_libmingw32_a-tlssup.o)
 .pdata         0x000000014000c0d8        0xc C:/msys64/mingw64/bin/../lib/gcc/x86_64-w64-mingw32/14.2.0/../../../../lib/libmingw32.a(lib64_libmingw32_a-merr.o)
 .pdata         0x000000014000c0e4        0xc C:/msys64/mingw64/bin/../lib/gcc/x86_64-w64-mingw32/14.2.0/../../../../lib/libmingw32.a(lib64_libmingw32_a-CRT_fp10.o)
 .pdata         0x000000014000c0f0       0x24 C:/msys64/mingw64/bin/../lib/gcc/x86_64-w64-mingw32/14.2.0/../../../../lib/libmingw32.a(lib64_libmingw32_a-pseudo-reloc.o)
 .pdata         0x000000014000c114       0x18 C:/msys64/mingw64/bin/../lib/gcc/x86_64-w64-mingw32/14.2.0/../../../../lib/libmingw32.a(lib64_libmingw32_a-usermatherr.o)
 .pdata         0x000000014000c12c        0xc C:/msys64/mingw64/bin/../lib/gcc/x86_64-w64-mingw32/14.2.0/../../../../lib/libmingw32.a(lib64_libmingw32_a-crt_handler.o)
 .pdata         0x000000014000c138       0x30 C:/msys64/mingw64/bin/../lib/gcc/x86_64-w64-mingw32/14.2.0/../../../../lib/libmingw32.a(lib64_libmingw32_a-tlsthrd.o)
 .pdata         0x000000014000c168       0x6c C:/msys64/mingw64/bin/../lib/gcc/x86_64-w64-mingw32/14.2.0/../../../../lib/libmingw32.a(lib64_libmingw32_a-pesect.o)
 .pdata         0x000000014000c1d4        0xc C:/msys64/mingw64/bin/../lib/gcc/x86_64-w64-mingw32/14.2.0/../../../../lib/libmingwex.a(lib64_libmingwex_a-mingw_printf.o)
 .pdata         0x000000014000c1e0       0xc0 C:/msys64/mingw64/bin/../lib/gcc/x86_64-w64-mingw32/14.2.0/../../../../lib/libmingwex.a(lib64_libmingwex_a-mingw_pformat.o)
 .pdata         0x000000014000c2a0       0x30 C:/msys64/mingw64/bin/../lib/gcc/x86_64-w64-mingw32/14.2.0/../../../../lib/libmingwex.a(lib64_libmingwex_a-dmisc.o)
 .pdata         0x000000014000c2d0        0xc C:/msys64/mingw64/bin/../lib/gcc/x86_64-w64-mingw32/14.2.0/../../../../lib/libmingwex.a(lib64_libmingwex_a-gdtoa.o)
 .pdata         0x000000014000c2dc       0x18 C:/msys64/mingw64/bin/../lib/gcc/x86_64-w64-mingw32/14.2.0/../../../../lib/libmingwex.a(lib64_libmingwex_a-gmisc.o)
 .pdata         0x000000014000c2f4       0xa8 C:/msys64/mingw64/bin/../lib/gcc/x86_64-w64-mingw32/14.2.0/../../../../lib/libmingwex.a(lib64_libmingwex_a-misc.o)
 .pdata         0x000000014000c39c        0xc C:/msys64/mingw64/bin/../lib/gcc/x86_64-w64-mingw32/14.2.0/../../../../lib/libmsvcrt.a(lib64_libmsvcrt_extra_a-wcsnlen.o)
 .pdata         0x000000014000c3a8       0x24 C:/msys64/mingw64/bin/../lib/gcc/x86_64-w64-mingw32/14.2.0/../../../../lib/libmsvcrt.a(lib64_libmsvcrt_extra_a-wcrtomb.o)
 .pdata         0x000000014000c3cc        0xc C:/msys64/mingw64/bin/../lib/gcc/x86_64-w64-mingw32/14.2.0/../../../../lib/libmsvcrt.a(lib64_libmsvcrt_extra_a-strnlen.o)
 .pdata         0x000000014000c3d8       0x30 C:/msys64/mingw64/bin/../lib/gcc/x86_64-w64-mingw32/14.2.0/../../../../lib/libmsvcrt.a(lib64_libmsvcrt_extra_a-mbrtowc.o)
 .pdata         0x000000014000c408        0xc C:/msys64/mingw64/bin/../lib/gcc/x86_64-w64-mingw32/14.2.0/../../../../lib/libmsvcrt.a(lib64_libmsvcrt_extra_a-_initterm_e.o)
 .pdata         0x000000014000c414        0xc C:/msys64/mingw64/bin/../lib/gcc/x86_64-w64-mingw32/14.2.0/../../../../lib/libmsvcrt.a(lib64_libmsvcrt_extra_a-__p__fmode.o)
 .pdata         0x000000014000c420        0xc C:/msys64/mingw64/bin/../lib/gcc/x86_64-w64-mingw32/14.2.0/../../../../lib/libmsvcrt.a(lib64_libmsvcrt_extra_a-__p__commode.o)
 .pdata         0x000000014000c42c        0xc C:/msys64/mingw64/bin/../lib/gcc/x86_64-w64-mingw32/14.2.0/../../../../lib/libmsvcrt.a(lib64_libmsvcrt_extra_a-__p___initenv.o)
 .pdata         0x000000014000c438       0x18 C:/msys64/mingw64/bin/../lib/gcc/x86_64-w64-mingw32/14.2.0/../../../../lib/libmsvcrt.a(lib64_libmsvcrt_extra_a-mingw_lock.o)
 .pdata         0x000000014000c450       0x18 C:/msys64/mingw64/bin/../lib/gcc/x86_64-w64-mingw32/14.2.0/../../../../lib/libmsvcrt.a(lib64_libmsvcrt_extra_a-invalid_parameter_handler.o)
 .pdata         0x000000014000c468        0xc C:/msys64/mingw64/bin/../lib/gcc/x86_64-w64-mingw32/14.2.0/../../../../lib/libmsvcrt.a(lib64_libmsvcrt_common_a-acrt_iob_func.o)
 .pdata.startup
                0x000000014000c474        0xc C:/msys64/mingw64/bin/../lib/gcc/x86_64-w64-mingw32/14.2.0/crtend.o

.xdata          0x000000014000d000      0x600
 *(.xdata*)
 .xdata         0x000000014000d000       0x68 C:/msys64/mingw64/bin/../lib/gcc/x86_64-w64-mingw32/14.2.0/../../../../lib/crt2.o
 .xdata         0x000000014000d068        0x8 C:/msys64/mingw64/bin/../lib/gcc/x86_64-w64-mingw32/14.2.0/crtbegin.o
 .xdata         0x000000014000d070       0x18 C:\Users\humih\AppData\Local\Temp\cc0a6PEu.o
 .xdata         0x000000014000d088       0x18 C:/msys64/mingw64/bin/../lib/gcc/x86_64-w64-mingw32/14.2.0/../../../../lib/libmingw32.a(lib64_libmingw32_a-gccmain.o)
 .xdata         0x000000014000d0a0        0x4 C:/msys64/mingw64/bin/../lib/gcc/x86_64-w64-mingw32/14.2.0/../../../../lib/libmingw32.a(lib64_libmingw32_a-dllargv.o)
 .xdata         0x000000014000d0a4       0x14 C:/msys64/mingw64/bin/../lib/gcc/x86_64-w64-mingw32/14.2.0/../../../../lib/libmingw32.a(lib64_libmingw32_a-tlssup.o)
 .xdata         0x000000014000d0b8       0x18 C:/msys64/mingw64/bin/../lib/gcc/x86_64-w64-mingw32/14.2.0/../../../../lib/libmingw32.a(lib64_libmingw32_a-merr.o)
 .xdata         0x000000014000d0d0        0x4 C:/msys64/mingw64/bin/../lib/gcc/x86_64-w64-mingw32/14.2.0/../../../../lib/libmingw32.a(lib64_libmingw32_a-CRT_fp10.o)
 .xdata         0x000000014000d0d4       0x30 C:/msys64/mingw64/bin/../lib/gcc/x86_64-w64-mingw32/14.2.0/../../../../lib/libmingw32.a(lib64_libmingw32_a-pseudo-reloc.o)
 .xdata         0x000000014000d104        0xc C:/msys64/mingw64/bin/../lib/gcc/x86_64-w64-mingw32/14.2.0/../../../../lib/libmingw32.a(lib64_libmingw32_a-usermatherr.o)
 .xdata         0x000000014000d110        0x8 C:/msys64/mingw64/bin/../lib/gcc/x86_64-w64-mingw32/14.2.0/../../../../lib/libmingw32.a(lib64_libmingw32_a-crt_handler.o)
 .xdata         0x000000014000d118       0x30 C:/msys64/mingw64/bin/../lib/gcc/x86_64-w64-mingw32/14.2.0/../../../../lib/libmingw32.a(lib64_libmingw32_a-tlsthrd.o)
 .xdata         0x000000014000d148       0x2c C:/msys64/mingw64/bin/../lib/gcc/x86_64-w64-mingw32/14.2.0/../../../../lib/libmingw32.a(lib64_libmingw32_a-pesect.o)
 .xdata         0x000000014000d174        0xc C:/msys64/mingw64/bin/../lib/gcc/x86_64-w64-mingw32/14.2.0/../../../../lib/libmingwex.a(lib64_libmingwex_a-mingw_printf.o)
 .xdata         0x000000014000d180       0xfc C:/msys64/mingw64/bin/../lib/gcc/x86_64-w64-mingw32/14.2.0/../../../../lib/libmingwex.a(lib64_libmingwex_a-mingw_pformat.o)
 .xdata         0x000000014000d27c       0x30 C:/msys64/mingw64/bin/../lib/gcc/x86_64-w64-mingw32/14.2.0/../../../../lib/libmingwex.a(lib64_libmingwex_a-dmisc.o)
 .xdata         0x000000014000d2ac       0x18 C:/msys64/mingw64/bin/../lib/gcc/x86_64-w64-mingw32/14.2.0/../../../../lib/libmingwex.a(lib64_libmingwex_a-gdtoa.o)
 .xdata         0x000000014000d2c4       0x14 C:/msys64/mingw64/bin/../lib/gcc/x86_64-w64-mingw32/14.2.0/../../../../lib/libmingwex.a(lib64_libmingwex_a-gmisc.o)
 .xdata         0x000000014000d2d8       0xb0 C:/msys64/mingw64/bin/../lib/gcc/x86_64-w64-mingw32/14.2.0/../../../../lib/libmingwex.a(lib64_libmingwex_a-misc.o)
 .xdata         0x000000014000d388        0x4 C:/msys64/mingw64/bin/../lib/gcc/x86_64-w64-mingw32/14.2.0/../../../../lib/libmsvcrt.a(lib64_libmsvcrt_extra_a-wcsnlen.o)
 .xdata         0x000000014000d38c       0x28 C:/msys64/mingw64/bin/../lib/gcc/x86_64-w64-mingw32/14.2.0/../../../../lib/libmsvcrt.a(lib64_libmsvcrt_extra_a-wcrtomb.o)
 .xdata         0x000000014000d3b4        0x4 C:/msys64/mingw64/bin/../lib/gcc/x86_64-w64-mingw32/14.2.0/../../../../lib/libmsvcrt.a(lib64_libmsvcrt_extra_a-strnlen.o)
 .xdata         0x000000014000d3b8       0x40 C:/msys64/mingw64/bin/../lib/gcc/x86_64-w64-mingw32/14.2.0/../../../../lib/libmsvcrt.a(lib64_libmsvcrt_extra_a-mbrtowc.o)
 .xdata         0x000000014000d3f8        0xc C:/msys64/mingw64/bin/../lib/gcc/x86_64-w64-mingw32/14.2.0/../../../../lib/libmsvcrt.a(lib64_libmsvcrt_extra_a-_initterm_e.o)
 .xdata         0x000000014000d404        0x4 C:/msys64/mingw64/bin/../lib/gcc/x86_64-w64-mingw32/14.2.0/../../../../lib/libmsvcrt.a(lib64_libmsvcrt_extra_a-__p__fmode.o)
 .xdata         0x000000014000d408        0x4 C:/msys64/mingw64/bin/../lib/gcc/x86_64-w64-mingw32/14.2.0/../../../../lib/libmsvcrt.a(lib64_libmsvcrt_extra_a-__p__commode.o)
 .xdata         0x000000014000d40c        0x4 C:/msys64/mingw64/bin/../lib/gcc/x86_64-w64-mingw32/14.2.0/../../../../lib/libmsvcrt.a(lib64_libmsvcrt_extra_a-__p___initenv.o)
 .xdata         0x000000014000d410       0x10 C:/msys64/mingw64/bin/../lib/gcc/x86_64-w64-mingw32/14.2.0/../../../../lib/libmsvcrt.a(lib64_libmsvcrt_extra_a-mingw_lock.o)
 .xdata         0x000000014000d420        0x8 C:/msys64/mingw64/bin/../lib/gcc/x86_64-w64-mingw32/14.2.0/../../../../lib/libmsvcrt.a(lib64_libmsvcrt_extra_a-invalid_parameter_handler.o)
 .xdata         0x000000014000d428        0x8 C:/msys64/mingw64/bin/../lib/gcc/x86_64-w64-mingw32/14.2.0/../../../../lib/libmsvcrt.a(lib64_libmsvcrt_common_a-acrt_iob_func.o)
 .xdata.startup
                0x000000014000d430        0x4 C:/msys64/mingw64/bin/../lib/gcc/x86_64-w64-mingw32/14.2.0/crtend.o

.bss            0x000000014000e000      0xb80
                0x000000014000e000                __bss_start__ = .
 *(.bss)
 .bss           0x000000014000e000       0x30 C:/msys64/mingw64/bin/../lib/gcc/x86_64-w64-mingw32/14.2.0/../../../../lib/crt2.o
                0x000000014000e000                __mingw_module_is_dll
 .bss           0x000000014000e030        0x0 C:/msys64/mingw64/bin/../lib/gcc/x86_64-w64-mingw32/14.2.0/crtbegin.o
 .bss           0x000000014000e030        0x0 C:\Users\humih\AppData\Local\Temp\cc0a6PEu.o
 .bss           0x000000014000e030       0x10 C:/msys64/mingw64/bin/../lib/gcc/x86_64-w64-mingw32/14.2.0/../../../../lib/libmingw32.a(lib64_libmingw32_a-gccmain.o)
 .bss           0x000000014000e040       0x10 C:/msys64/mingw64/bin/../lib/gcc/x86_64-w64-mingw32/14.2.0/../../../../lib/libmingw32.a(lib64_libmingw32_a-natstart.o)
                0x000000014000e040                __native_startup_lock
                0x000000014000e048                __native_startup_state
 .bss           0x000000014000e050       0x10 C:/msys64/mingw64/bin/../lib/gcc/x86_64-w64-mingw32/14.2.0/../../../../lib/libmingw32.a(lib64_libmingw32_a-wildcard.o)
                0x000000014000e050                _dowildcard
 .bss           0x000000014000e060        0x0 C:/msys64/mingw64/bin/../lib/gcc/x86_64-w64-mingw32/14.2.0/../../../../lib/libmingw32.a(lib64_libmingw32_a-dllargv.o)
 .bss           0x000000014000e060       0x10 C:/msys64/mingw64/bin/../lib/gcc/x86_64-w64-mingw32/14.2.0/../../../../lib/libmingw32.a(lib64_libmingw32_a-_newmode.o)
                0x000000014000e060                _newmode
 .bss           0x000000014000e070       0x10 C:/msys64/mingw64/bin/../lib/gcc/x86_64-w64-mingw32/14.2.0/../../../../lib/libmingw32.a(lib64_libmingw32_a-tlssup.o)
                0x000000014000e070                __mingw_initltssuo_force
                0x000000014000e074                __mingw_initltsdyn_force
                0x000000014000e078                __mingw_initltsdrot_force
                0x000000014000e07c                _tls_index
 .bss           0x000000014000e080       0x10 C:/msys64/mingw64/bin/../lib/gcc/x86_64-w64-mingw32/14.2.0/../../../../lib/libmingw32.a(lib64_libmingw32_a-xncommod.o)
                0x000000014000e080                _commode
 .bss           0x000000014000e090        0x0 C:/msys64/mingw64/bin/../lib/gcc/x86_64-w64-mingw32/14.2.0/../../../../lib/libmingw32.a(lib64_libmingw32_a-cinitexe.o)
 .bss           0x000000014000e090        0x0 C:/msys64/mingw64/bin/../lib/gcc/x86_64-w64-mingw32/14.2.0/../../../../lib/libmingw32.a(lib64_libmingw32_a-merr.o)
 .bss           0x000000014000e090        0x0 C:/msys64/mingw64/bin/../lib/gcc/x86_64-w64-mingw32/14.2.0/../../../../lib/libmingw32.a(lib64_libmingw32_a-CRT_fp10.o)
 .bss           0x000000014000e090       0x10 C:/msys64/mingw64/bin/../lib/gcc/x86_64-w64-mingw32/14.2.0/../../../../lib/libmingw32.a(lib64_libmingw32_a-mingw_helpers.o)
                0x000000014000e090                __mingw_app_type
 .bss           0x000000014000e0a0       0x10 C:/msys64/mingw64/bin/../lib/gcc/x86_64-w64-mingw32/14.2.0/../../../../lib/libmingw32.a(lib64_libmingw32_a-pseudo-reloc.o)
 .bss           0x000000014000e0b0       0x10 C:/msys64/mingw64/bin/../lib/gcc/x86_64-w64-mingw32/14.2.0/../../../../lib/libmingw32.a(lib64_libmingw32_a-usermatherr.o)
 .bss           0x000000014000e0c0       0x10 C:/msys64/mingw64/bin/../lib/gcc/x86_64-w64-mingw32/14.2.0/../../../../lib/libmingw32.a(lib64_libmingw32_a-xtxtmode.o)
                0x000000014000e0c0                _fmode
 .bss           0x000000014000e0d0       0x10 C:/msys64/mingw64/bin/../lib/gcc/x86_64-w64-mingw32/14.2.0/../../../../lib/libmingw32.a(lib64_libmingw32_a-crt_handler.o)
                0x000000014000e0d0                __mingw_oldexcpt_handler
 .bss           0x000000014000e0e0       0x60 C:/msys64/mingw64/bin/../lib/gcc/x86_64-w64-mingw32/14.2.0/../../../../lib/libmingw32.a(lib64_libmingw32_a-tlsthrd.o)
 .bss           0x000000014000e140        0x0 C:/msys64/mingw64/bin/../lib/gcc/x86_64-w64-mingw32/14.2.0/../../../../lib/libmingw32.a(lib64_libmingw32_a-tlsmcrt.o)
 .bss           0x000000014000e140       0x10 C:/msys64/mingw64/bin/../lib/gcc/x86_64-w64-mingw32/14.2.0/../../../../lib/libmingw32.a(lib64_libmingw32_a-pseudo-reloc-list.o)
 .bss           0x000000014000e150        0x0 C:/msys64/mingw64/bin/../lib/gcc/x86_64-w64-mingw32/14.2.0/../../../../lib/libmingw32.a(lib64_libmingw32_a-pesect.o)
 .bss           0x000000014000e150        0x0 C:/msys64/mingw64/bin/../lib/gcc/x86_64-w64-mingw32/14.2.0/libgcc.a(_chkstk_ms.o)
 .bss           0x000000014000e150       0x20 C:/msys64/mingw64/bin/../lib/gcc/x86_64-w64-mingw32/14.2.0/libgcc.a(_ctors.o)
 .bss           0x000000014000e170        0x0 C:/msys64/mingw64/bin/../lib/gcc/x86_64-w64-mingw32/14.2.0/../../../../lib/libmingwex.a(lib64_libmingwex_a-mingw_matherr.o)
 .bss           0x000000014000e170        0x0 C:/msys64/mingw64/bin/../lib/gcc/x86_64-w64-mingw32/14.2.0/../../../../lib/libmingwex.a(lib64_libmingwex_a-mingw_printf.o)
 .bss           0x000000014000e170        0x0 C:/msys64/mingw64/bin/../lib/gcc/x86_64-w64-mingw32/14.2.0/../../../../lib/libmingwex.a(lib64_libmingwex_a-mingw_pformat.o)
 .bss           0x000000014000e170        0x0 C:/msys64/mingw64/bin/../lib/gcc/x86_64-w64-mingw32/14.2.0/../../../../lib/libmingwex.a(lib64_libmingwex_a-dmisc.o)
 .bss           0x000000014000e170        0x0 C:/msys64/mingw64/bin/../lib/gcc/x86_64-w64-mingw32/14.2.0/../../../../lib/libmingwex.a(lib64_libmingwex_a-gdtoa.o)
 .bss           0x000000014000e170        0x0 C:/msys64/mingw64/bin/../lib/gcc/x86_64-w64-mingw32/14.2.0/../../../../lib/libmingwex.a(lib64_libmingwex_a-gmisc.o)
 *fill*         0x000000014000e170       0x10 
 .bss           0x000000014000e180      0x9e0 C:/msys64/mingw64/bin/../lib/gcc/x86_64-w64-mingw32/14.2.0/../../../../lib/libmingwex.a(lib64_libmingwex_a-misc.o)
 .bss           0x000000014000eb60        0x0 C:/msys64/mingw64/bin/../lib/gcc/x86_64-w64-mingw32/14.2.0/../../../../lib/libmsvcrt.a(lib64_libmsvcrt_extra_a-wcsnlen.o)
 .bss           0x000000014000eb60        0x0 C:/msys64/mingw64/bin/../lib/gcc/x86_64-w64-mingw32/14.2.0/../../../../lib/libmsvcrt.a(lib64_libmsvcrt_extra_a-wcrtomb.o)
 .bss           0x000000014000eb60        0x0 C:/msys64/mingw64/bin/../lib/gcc/x86_64-w64-mingw32/14.2.0/../../../../lib/libmsvcrt.a(lib64_libmsvcrt_extra_a-strnlen.o)
 .bss           0x000000014000eb60       0x10 C:/msys64/mingw64/bin/../lib/gcc/x86_64-w64-mingw32/14.2.0/../../../../lib/libmsvcrt.a(lib64_libmsvcrt_extra_a-mbrtowc.o)
 .bss           0x000000014000eb70        0x0 C:/msys64/mingw64/bin/../lib/gcc/x86_64-w64-mingw32/14.2.0/../../../../lib/libmsvcrt.a(lib64_libmsvcrt_extra_a-_initterm_e.o)
 .bss           0x000000014000eb70        0x0 C:/msys64/mingw64/bin/../lib/gcc/x86_64-w64-mingw32/14.2.0/../../../../lib/libmsvcrt.a(lib64_libmsvcrt_extra_a-__p__fmode.o)
 .bss           0x000000014000eb70        0x0 C:/msys64/mingw64/bin/../lib/gcc/x86_64-w64-mingw32/14.2.0/../../../../lib/libmsvcrt.a(lib64_libmsvcrt_extra_a-__p__commode.o)
 .bss           0x000000014000eb70        0x0 C:/msys64/mingw64/bin/../lib/gcc/x86_64-w64-mingw32/14.2.0/../../../../lib/libmsvcrt.a(lib64_libmsvcrt_extra_a-__p___initenv.o)
 .bss           0x000000014000eb70        0x0 C:/msys64/mingw64/bin/../lib/gcc/x86_64-w64-mingw32/14.2.0/../../../../lib/libmsvcrt.a(lib64_libmsvcrt_extra_a-mingw_lock.o)
 .bss           0x000000014000eb70       0x10 C:/msys64/mingw64/bin/../lib/gcc/x86_64-w64-mingw32/14.2.0/../../../../lib/libmsvcrt.a(lib64_libmsvcrt_extra_a-invalid_parameter_handler.o)
 .bss           0x000000014000eb80        0x0 C:/msys64/mingw64/bin/../lib/gcc/x86_64-w64-mingw32/14.2.0/../../../../lib/libmsvcrt.a(lib64_libmsvcrt_common_a-acrt_iob_func.o)
 .bss           0x000000014000eb80        0x0 C:/msys64/mingw64/bin/../lib/gcc/x86_64-w64-mingw32/14.2.0/../../../../lib/libmsvcrt.a(libmsvcrt_defs00089.o)
 .bss           0x000000014000eb80        0x0 C:/msys64/mingw64/bin/../lib/gcc/x86_64-w64-mingw32/14.2.0/../../../../lib/libmsvcrt.a(libmsvcrt_defs00109.o)
 .bss           0x000000014000eb80        0x0 C:/msys64/mingw64/bin/../lib/gcc/x86_64-w64-mingw32/14.2.0/../../../../lib/libmsvcrt.a(libmsvcrt_defs00112.o)
 .bss           0x000000014000eb80        0x0 C:/msys64/mingw64/bin/../lib/gcc/x86_64-w64-mingw32/14.2.0/../../../../lib/libmsvcrt.a(libmsvcrt_defs00127.o)
 .bss           0x000000014000eb80        0x0 C:/msys64/mingw64/bin/../lib/gcc/x86_64-w64-mingw32/14.2.0/../../../../lib/libmsvcrt.a(libmsvcrt_defs00128.o)
 .bss           0x000000014000eb80        0x0 C:/msys64/mingw64/bin/../lib/gcc/x86_64-w64-mingw32/14.2.0/../../../../lib/libmsvcrt.a(libmsvcrt_defs00130.o)
 .bss           0x000000014000eb80        0x0 C:/msys64/mingw64/bin/../lib/gcc/x86_64-w64-mingw32/14.2.0/../../../../lib/libmsvcrt.a(libmsvcrt_defs00146.o)
 .bss           0x000000014000eb80        0x0 C:/msys64/mingw64/bin/../lib/gcc/x86_64-w64-mingw32/14.2.0/../../../../lib/libmsvcrt.a(libmsvcrt_defs00148.o)
 .bss           0x000000014000eb80        0x0 C:/msys64/mingw64/bin/../lib/gcc/x86_64-w64-mingw32/14.2.0/../../../../lib/libmsvcrt.a(libmsvcrt_defs00181.o)
 .bss           0x000000014000eb80        0x0 C:/msys64/mingw64/bin/../lib/gcc/x86_64-w64-mingw32/14.2.0/../../../../lib/libmsvcrt.a(libmsvcrt_defs00202.o)
 .bss           0x000000014000eb80        0x0 C:/msys64/mingw64/bin/../lib/gcc/x86_64-w64-mingw32/14.2.0/../../../../lib/libmsvcrt.a(libmsvcrt_defs00221.o)
 .bss           0x000000014000eb80        0x0 C:/msys64/mingw64/bin/../lib/gcc/x86_64-w64-mingw32/14.2.0/../../../../lib/libmsvcrt.a(libmsvcrt_defs00270.o)
 .bss           0x000000014000eb80        0x0 C:/msys64/mingw64/bin/../lib/gcc/x86_64-w64-mingw32/14.2.0/../../../../lib/libmsvcrt.a(libmsvcrt_defs00322.o)
 .bss           0x000000014000eb80        0x0 C:/msys64/mingw64/bin/../lib/gcc/x86_64-w64-mingw32/14.2.0/../../../../lib/libmsvcrt.a(libmsvcrt_defs00413.o)
 .bss           0x000000014000eb80        0x0 C:/msys64/mingw64/bin/../lib/gcc/x86_64-w64-mingw32/14.2.0/../../../../lib/libmsvcrt.a(libmsvcrt_defs00523.o)
 .bss           0x000000014000eb80        0x0 C:/msys64/mingw64/bin/../lib/gcc/x86_64-w64-mingw32/14.2.0/../../../../lib/libmsvcrt.a(libmsvcrt_defs00919.o)
 .bss           0x000000014000eb80        0x0 C:/msys64/mingw64/bin/../lib/gcc/x86_64-w64-mingw32/14.2.0/../../../../lib/libmsvcrt.a(libmsvcrt_defs01143.o)
 .bss           0x000000014000eb80        0x0 C:/msys64/mingw64/bin/../lib/gcc/x86_64-w64-mingw32/14.2.0/../../../../lib/libmsvcrt.a(libmsvcrt_defs01155.o)
 .bss           0x000000014000eb80        0x0 C:/msys64/mingw64/bin/../lib/gcc/x86_64-w64-mingw32/14.2.0/../../../../lib/libmsvcrt.a(libmsvcrt_defs01163.o)
 .bss           0x000000014000eb80        0x0 C:/msys64/mingw64/bin/../lib/gcc/x86_64-w64-mingw32/14.2.0/../../../../lib/libmsvcrt.a(libmsvcrt_defs01178.o)
 .bss           0x000000014000eb80        0x0 C:/msys64/mingw64/bin/../lib/gcc/x86_64-w64-mingw32/14.2.0/../../../../lib/libmsvcrt.a(libmsvcrt_defs01199.o)
 .bss           0x000000014000eb80        0x0 C:/msys64/mingw64/bin/../lib/gcc/x86_64-w64-mingw32/14.2.0/../../../../lib/libmsvcrt.a(libmsvcrt_defs01201.o)
 .bss           0x000000014000eb80        0x0 C:/msys64/mingw64/bin/../lib/gcc/x86_64-w64-mingw32/14.2.0/../../../../lib/libmsvcrt.a(libmsvcrt_defs01206.o)
 .bss           0x000000014000eb80        0x0 C:/msys64/mingw64/bin/../lib/gcc/x86_64-w64-mingw32/14.2.0/../../../../lib/libmsvcrt.a(libmsvcrt_defs01220.o)
 .bss           0x000000014000eb80        0x0 C:/msys64/mingw64/bin/../lib/gcc/x86_64-w64-mingw32/14.2.0/../../../../lib/libmsvcrt.a(libmsvcrt_defs01260.o)
 .bss           0x000000014000eb80        0x0 C:/msys64/mingw64/bin/../lib/gcc/x86_64-w64-mingw32/14.2.0/../../../../lib/libmsvcrt.a(libmsvcrt_defs01268.o)
 .bss           0x000000014000eb80        0x0 C:/msys64/mingw64/bin/../lib/gcc/x86_64-w64-mingw32/14.2.0/../../../../lib/libmsvcrt.a(libmsvcrt_defs01277.o)
 .bss           0x000000014000eb80        0x0 C:/msys64/mingw64/bin/../lib/gcc/x86_64-w64-mingw32/14.2.0/../../../../lib/libmsvcrt.a(libmsvcrt_defs01279.o)
 .bss           0x000000014000eb80        0x0 C:/msys64/mingw64/bin/../lib/gcc/x86_64-w64-mingw32/14.2.0/../../../../lib/libmsvcrt.a(libmsvcrt_defs01309.o)
 .bss           0x000000014000eb80        0x0 C:/msys64/mingw64/bin/../lib/gcc/x86_64-w64-mingw32/14.2.0/../../../../lib/libmsvcrt.a(libmsvcrt_defs01330.o)
 .bss           0x000000014000eb80        0x0 C:/msys64/mingw64/bin/../lib/gcc/x86_64-w64-mingw32/14.2.0/../../../../lib/libmsvcrt.a(libmsvcrt_defs01332.o)
 .bss           0x000000014000eb80        0x0 C:/msys64/mingw64/bin/../lib/gcc/x86_64-w64-mingw32/14.2.0/../../../../lib/libmsvcrt.a(libmsvcrt_defs01335.o)
 .bss           0x000000014000eb80        0x0 C:/msys64/mingw64/bin/../lib/gcc/x86_64-w64-mingw32/14.2.0/../../../../lib/libmsvcrt.a(libmsvcrt_defs01367.o)
 .bss           0x000000014000eb80        0x0 C:/msys64/mingw64/bin/../lib/gcc/x86_64-w64-mingw32/14.2.0/../../../../lib/libmsvcrt.a(libmsvcrt_defs01393.o)
 .bss           0x000000014000eb80        0x0 C:/msys64/mingw64/bin/../lib/gcc/x86_64-w64-mingw32/14.2.0/../../../../lib/libmsvcrt.a(libmsvcrt_defh.o)
 .bss           0x000000014000eb80        0x0 C:/msys64/mingw64/bin/../lib/gcc/x86_64-w64-mingw32/14.2.0/../../../../lib/libmsvcrt.a(libmsvcrt_deft.o)
 .bss           0x000000014000eb80        0x0 C:/msys64/mingw64/bin/../lib/gcc/x86_64-w64-mingw32/14.2.0/../../../../lib/libkernel32.a(libkernel32s01588.o)
 .bss           0x000000014000eb80        0x0 C:/msys64/mingw64/bin/../lib/gcc/x86_64-w64-mingw32/14.2.0/../../../../lib/libkernel32.a(libkernel32s01535.o)
 .bss           0x000000014000eb80        0x0 C:/msys64/mingw64/bin/../lib/gcc/x86_64-w64-mingw32/14.2.0/../../../../lib/libkernel32.a(libkernel32s01533.o)
 .bss           0x000000014000eb80        0x0 C:/msys64/mingw64/bin/../lib/gcc/x86_64-w64-mingw32/14.2.0/../../../../lib/libkernel32.a(libkernel32s01485.o)
 .bss           0x000000014000eb80        0x0 C:/msys64/mingw64/bin/../lib/gcc/x86_64-w64-mingw32/14.2.0/../../../../lib/libkernel32.a(libkernel32s01449.o)
 .bss           0x000000014000eb80        0x0 C:/msys64/mingw64/bin/../lib/gcc/x86_64-w64-mingw32/14.2.0/../../../../lib/libkernel32.a(libkernel32s01433.o)
 .bss           0x000000014000eb80        0x0 C:/msys64/mingw64/bin/../lib/gcc/x86_64-w64-mingw32/14.2.0/../../../../lib/libkernel32.a(libkernel32s01064.o)
 .bss           0x000000014000eb80        0x0 C:/msys64/mingw64/bin/../lib/gcc/x86_64-w64-mingw32/14.2.0/../../../../lib/libkernel32.a(libkernel32s01012.o)
 .bss           0x000000014000eb80        0x0 C:/msys64/mingw64/bin/../lib/gcc/x86_64-w64-mingw32/14.2.0/../../../../lib/libkernel32.a(libkernel32s00945.o)
 .bss           0x000000014000eb80        0x0 C:/msys64/mingw64/bin/../lib/gcc/x86_64-w64-mingw32/14.2.0/../../../../lib/libkernel32.a(libkernel32s00918.o)
 .bss           0x000000014000eb80        0x0 C:/msys64/mingw64/bin/../lib/gcc/x86_64-w64-mingw32/14.2.0/../../../../lib/libkernel32.a(libkernel32s00648.o)
 .bss           0x000000014000eb80        0x0 C:/msys64/mingw64/bin/../lib/gcc/x86_64-w64-mingw32/14.2.0/../../../../lib/libkernel32.a(libkernel32s00333.o)
 .bss           0x000000014000eb80        0x0 C:/msys64/mingw64/bin/../lib/gcc/x86_64-w64-mingw32/14.2.0/../../../../lib/libkernel32.a(libkernel32s00295.o)
 .bss           0x000000014000eb80        0x0 C:/msys64/mingw64/bin/../lib/gcc/x86_64-w64-mingw32/14.2.0/../../../../lib/libkernel32.a(libkernel32h.o)
 .bss           0x000000014000eb80        0x0 C:/msys64/mingw64/bin/../lib/gcc/x86_64-w64-mingw32/14.2.0/../../../../lib/libkernel32.a(libkernel32t.o)
 .bss           0x000000014000eb80        0x0 C:/msys64/mingw64/bin/../lib/gcc/x86_64-w64-mingw32/14.2.0/crtend.o
 *(COMMON)
                0x000000014000eb80                __bss_end__ = .

.edata
 *(.edata)

/DISCARD/
 *(.debug$S)
 *(.debug$T)
 *(.debug$F)
 *(.drectve)
 *(.note.GNU-stack)
 *(.gnu.lto_*)
 *(.gnu_object_only)

.idata          0x000000014000f000      0x800
 SORT_BY_NAME(*)(.idata$2)
 .idata$2       0x000000014000f000       0x14 C:/msys64/mingw64/bin/../lib/gcc/x86_64-w64-mingw32/14.2.0/../../../../lib/libkernel32.a(libkernel32h.o)
                0x000000014000f000                _head_lib64_libkernel32_a
 .idata$2       0x000000014000f014       0x14 C:/msys64/mingw64/bin/../lib/gcc/x86_64-w64-mingw32/14.2.0/../../../../lib/libmsvcrt.a(libmsvcrt_defh.o)
                0x000000014000f014                _head_lib64_libmsvcrt_def_a
 SORT_BY_NAME(*)(.idata$3)
                0x000000014000f028        0x4 LONG 0x0
                0x000000014000f02c        0x4 LONG 0x0
                0x000000014000f030        0x4 LONG 0x0
                0x000000014000f034        0x4 LONG 0x0
                0x000000014000f038        0x4 LONG 0x0
                0x000000014000f040                . = ALIGN (0x8)
 *fill*         0x000000014000f03c        0x4 
 SORT_BY_NAME(*)(.idata$4)
 .idata$4       0x000000014000f040        0x0 C:/msys64/mingw64/bin/../lib/gcc/x86_64-w64-mingw32/14.2.0/../../../../lib/libkernel32.a(libkernel32h.o)
 .idata$4       0x000000014000f040        0x8 C:/msys64/mingw64/bin/../lib/gcc/x86_64-w64-mingw32/14.2.0/../../../../lib/libkernel32.a(libkernel32s00295.o)
 .idata$4       0x000000014000f048        0x8 C:/msys64/mingw64/bin/../lib/gcc/x86_64-w64-mingw32/14.2.0/../../../../lib/libkernel32.a(libkernel32s00333.o)
 .idata$4       0x000000014000f050        0x8 C:/msys64/mingw64/bin/../lib/gcc/x86_64-w64-mingw32/14.2.0/../../../../lib/libkernel32.a(libkernel32s00648.o)
 .idata$4       0x000000014000f058        0x8 C:/msys64/mingw64/bin/../lib/gcc/x86_64-w64-mingw32/14.2.0/../../../../lib/libkernel32.a(libkernel32s00918.o)
 .idata$4       0x000000014000f060        0x8 C:/msys64/mingw64/bin/../lib/gcc/x86_64-w64-mingw32/14.2.0/../../../../lib/libkernel32.a(libkernel32s00945.o)
 .idata$4       0x000000014000f068        0x8 C:/msys64/mingw64/bin/../lib/gcc/x86_64-w64-mingw32/14.2.0/../../../../lib/libkernel32.a(libkernel32s01012.o)
 .idata$4       0x000000014000f070        0x8 C:/msys64/mingw64/bin/../lib/gcc/x86_64-w64-mingw32/14.2.0/../../../../lib/libkernel32.a(libkernel32s01064.o)
 .idata$4       0x000000014000f078        0x8 C:/msys64/mingw64/bin/../lib/gcc/x86_64-w64-mingw32/14.2.0/../../../../lib/libkernel32.a(libkernel32s01433.o)
 .idata$4       0x000000014000f080        0x8 C:/msys64/mingw64/bin/../lib/gcc/x86_64-w64-mingw32/14.2.0/../../../../lib/libkernel32.a(libkernel32s01449.o)
 .idata$4       0x000000014000f088        0x8 C:/msys64/mingw64/bin/../lib/gcc/x86_64-w64-mingw32/14.2.0/../../../../lib/libkernel32.a(libkernel32s01485.o)
 .idata$4       0x000000014000f090        0x8 C:/msys64/mingw64/bin/../lib/gcc/x86_64-w64-mingw32/14.2.0/../../../../lib/libkernel32.a(libkernel32s01533.o)
 .idata$4       0x000000014000f098        0x8 C:/msys64/mingw64/bin/../lib/gcc/x86_64-w64-mingw32/14.2.0/../../../../lib/libkernel32.a(libkernel32s01535.o)
 .idata$4       0x000000014000f0a0        0x8 C:/msys64/mingw64/bin/../lib/gcc/x86_64-w64-mingw32/14.2.0/../../../../lib/libkernel32.a(libkernel32s01588.o)
 .idata$4       0x000000014000f0a8        0x8 C:/msys64/mingw64/bin/../lib/gcc/x86_64-w64-mingw32/14.2.0/../../../../lib/libkernel32.a(libkernel32t.o)
 .idata$4       0x000000014000f0b0        0x0 C:/msys64/mingw64/bin/../lib/gcc/x86_64-w64-mingw32/14.2.0/../../../../lib/libmsvcrt.a(libmsvcrt_defh.o)
 .idata$4       0x000000014000f0b0        0x8 C:/msys64/mingw64/bin/../lib/gcc/x86_64-w64-mingw32/14.2.0/../../../../lib/libmsvcrt.a(libmsvcrt_defs00089.o)
 .idata$4       0x000000014000f0b8        0x8 C:/msys64/mingw64/bin/../lib/gcc/x86_64-w64-mingw32/14.2.0/../../../../lib/libmsvcrt.a(libmsvcrt_defs00109.o)
 .idata$4       0x000000014000f0c0        0x8 C:/msys64/mingw64/bin/../lib/gcc/x86_64-w64-mingw32/14.2.0/../../../../lib/libmsvcrt.a(libmsvcrt_defs00112.o)
 .idata$4       0x000000014000f0c8        0x8 C:/msys64/mingw64/bin/../lib/gcc/x86_64-w64-mingw32/14.2.0/../../../../lib/libmsvcrt.a(libmsvcrt_defs00127.o)
 .idata$4       0x000000014000f0d0        0x8 C:/msys64/mingw64/bin/../lib/gcc/x86_64-w64-mingw32/14.2.0/../../../../lib/libmsvcrt.a(libmsvcrt_defs00128.o)
 .idata$4       0x000000014000f0d8        0x8 C:/msys64/mingw64/bin/../lib/gcc/x86_64-w64-mingw32/14.2.0/../../../../lib/libmsvcrt.a(libmsvcrt_defs00130.o)
 .idata$4       0x000000014000f0e0        0x8 C:/msys64/mingw64/bin/../lib/gcc/x86_64-w64-mingw32/14.2.0/../../../../lib/libmsvcrt.a(libmsvcrt_defs00146.o)
 .idata$4       0x000000014000f0e8        0x8 C:/msys64/mingw64/bin/../lib/gcc/x86_64-w64-mingw32/14.2.0/../../../../lib/libmsvcrt.a(libmsvcrt_defs00148.o)
 .idata$4       0x000000014000f0f0        0x8 C:/msys64/mingw64/bin/../lib/gcc/x86_64-w64-mingw32/14.2.0/../../../../lib/libmsvcrt.a(libmsvcrt_defs00181.o)
 .idata$4       0x000000014000f0f8        0x8 C:/msys64/mingw64/bin/../lib/gcc/x86_64-w64-mingw32/14.2.0/../../../../lib/libmsvcrt.a(libmsvcrt_defs00202.o)
 .idata$4       0x000000014000f100        0x8 C:/msys64/mingw64/bin/../lib/gcc/x86_64-w64-mingw32/14.2.0/../../../../lib/libmsvcrt.a(libmsvcrt_defs00221.o)
 .idata$4       0x000000014000f108        0x8 C:/msys64/mingw64/bin/../lib/gcc/x86_64-w64-mingw32/14.2.0/../../../../lib/libmsvcrt.a(libmsvcrt_defs00270.o)
 .idata$4       0x000000014000f110        0x8 C:/msys64/mingw64/bin/../lib/gcc/x86_64-w64-mingw32/14.2.0/../../../../lib/libmsvcrt.a(libmsvcrt_defs00322.o)
 .idata$4       0x000000014000f118        0x8 C:/msys64/mingw64/bin/../lib/gcc/x86_64-w64-mingw32/14.2.0/../../../../lib/libmsvcrt.a(libmsvcrt_defs00413.o)